Archive member included to satisfy reference by file (symbol)

c:/st/stm32cubeide_1.8.0/stm32cubeide/plugins/com.st.stm32cube.ide.mcu.externaltools.gnu-tools-for-stm32.10.3-2021.10.win32_1.0.0.202111181127/tools/bin/../lib/gcc/arm-none-eabi/10.3.1/../../../../arm-none-eabi/lib/thumb/v7e-m+fp/hard\libc_nano.a(lib_a-assert.o)
                              ./Core/Src/main.o (__assert_func)
c:/st/stm32cubeide_1.8.0/stm32cubeide/plugins/com.st.stm32cube.ide.mcu.externaltools.gnu-tools-for-stm32.10.3-2021.10.win32_1.0.0.202111181127/tools/bin/../lib/gcc/arm-none-eabi/10.3.1/../../../../arm-none-eabi/lib/thumb/v7e-m+fp/hard\libc_nano.a(lib_a-errno.o)
                              ./Core/Src/syscalls.o (__errno)
c:/st/stm32cubeide_1.8.0/stm32cubeide/plugins/com.st.stm32cube.ide.mcu.externaltools.gnu-tools-for-stm32.10.3-2021.10.win32_1.0.0.202111181127/tools/bin/../lib/gcc/arm-none-eabi/10.3.1/../../../../arm-none-eabi/lib/thumb/v7e-m+fp/hard\libc_nano.a(lib_a-exit.o)
                              c:/st/stm32cubeide_1.8.0/stm32cubeide/plugins/com.st.stm32cube.ide.mcu.externaltools.gnu-tools-for-stm32.10.3-2021.10.win32_1.0.0.202111181127/tools/bin/../lib/gcc/arm-none-eabi/10.3.1/../../../../arm-none-eabi/lib/thumb/v7e-m+fp/hard/crt0.o (exit)
c:/st/stm32cubeide_1.8.0/stm32cubeide/plugins/com.st.stm32cube.ide.mcu.externaltools.gnu-tools-for-stm32.10.3-2021.10.win32_1.0.0.202111181127/tools/bin/../lib/gcc/arm-none-eabi/10.3.1/../../../../arm-none-eabi/lib/thumb/v7e-m+fp/hard\libc_nano.a(lib_a-fprintf.o)
                              c:/st/stm32cubeide_1.8.0/stm32cubeide/plugins/com.st.stm32cube.ide.mcu.externaltools.gnu-tools-for-stm32.10.3-2021.10.win32_1.0.0.202111181127/tools/bin/../lib/gcc/arm-none-eabi/10.3.1/../../../../arm-none-eabi/lib/thumb/v7e-m+fp/hard\libc_nano.a(lib_a-assert.o) (fiprintf)
c:/st/stm32cubeide_1.8.0/stm32cubeide/plugins/com.st.stm32cube.ide.mcu.externaltools.gnu-tools-for-stm32.10.3-2021.10.win32_1.0.0.202111181127/tools/bin/../lib/gcc/arm-none-eabi/10.3.1/../../../../arm-none-eabi/lib/thumb/v7e-m+fp/hard\libc_nano.a(lib_a-impure.o)
                              c:/st/stm32cubeide_1.8.0/stm32cubeide/plugins/com.st.stm32cube.ide.mcu.externaltools.gnu-tools-for-stm32.10.3-2021.10.win32_1.0.0.202111181127/tools/bin/../lib/gcc/arm-none-eabi/10.3.1/../../../../arm-none-eabi/lib/thumb/v7e-m+fp/hard\libc_nano.a(lib_a-exit.o) (_global_impure_ptr)
c:/st/stm32cubeide_1.8.0/stm32cubeide/plugins/com.st.stm32cube.ide.mcu.externaltools.gnu-tools-for-stm32.10.3-2021.10.win32_1.0.0.202111181127/tools/bin/../lib/gcc/arm-none-eabi/10.3.1/../../../../arm-none-eabi/lib/thumb/v7e-m+fp/hard\libc_nano.a(lib_a-init.o)
                              c:/st/stm32cubeide_1.8.0/stm32cubeide/plugins/com.st.stm32cube.ide.mcu.externaltools.gnu-tools-for-stm32.10.3-2021.10.win32_1.0.0.202111181127/tools/bin/../lib/gcc/arm-none-eabi/10.3.1/../../../../arm-none-eabi/lib/thumb/v7e-m+fp/hard/crt0.o (__libc_init_array)
c:/st/stm32cubeide_1.8.0/stm32cubeide/plugins/com.st.stm32cube.ide.mcu.externaltools.gnu-tools-for-stm32.10.3-2021.10.win32_1.0.0.202111181127/tools/bin/../lib/gcc/arm-none-eabi/10.3.1/../../../../arm-none-eabi/lib/thumb/v7e-m+fp/hard\libc_nano.a(lib_a-memmove.o)
                              ./Core/Src/main.o (memmove)
c:/st/stm32cubeide_1.8.0/stm32cubeide/plugins/com.st.stm32cube.ide.mcu.externaltools.gnu-tools-for-stm32.10.3-2021.10.win32_1.0.0.202111181127/tools/bin/../lib/gcc/arm-none-eabi/10.3.1/../../../../arm-none-eabi/lib/thumb/v7e-m+fp/hard\libc_nano.a(lib_a-memset.o)
                              c:/st/stm32cubeide_1.8.0/stm32cubeide/plugins/com.st.stm32cube.ide.mcu.externaltools.gnu-tools-for-stm32.10.3-2021.10.win32_1.0.0.202111181127/tools/bin/../lib/gcc/arm-none-eabi/10.3.1/../../../../arm-none-eabi/lib/thumb/v7e-m+fp/hard/crt0.o (memset)
c:/st/stm32cubeide_1.8.0/stm32cubeide/plugins/com.st.stm32cube.ide.mcu.externaltools.gnu-tools-for-stm32.10.3-2021.10.win32_1.0.0.202111181127/tools/bin/../lib/gcc/arm-none-eabi/10.3.1/../../../../arm-none-eabi/lib/thumb/v7e-m+fp/hard\libc_nano.a(lib_a-nano-vfprintf.o)
                              c:/st/stm32cubeide_1.8.0/stm32cubeide/plugins/com.st.stm32cube.ide.mcu.externaltools.gnu-tools-for-stm32.10.3-2021.10.win32_1.0.0.202111181127/tools/bin/../lib/gcc/arm-none-eabi/10.3.1/../../../../arm-none-eabi/lib/thumb/v7e-m+fp/hard\libc_nano.a(lib_a-fprintf.o) (_vfprintf_r)
c:/st/stm32cubeide_1.8.0/stm32cubeide/plugins/com.st.stm32cube.ide.mcu.externaltools.gnu-tools-for-stm32.10.3-2021.10.win32_1.0.0.202111181127/tools/bin/../lib/gcc/arm-none-eabi/10.3.1/../../../../arm-none-eabi/lib/thumb/v7e-m+fp/hard\libc_nano.a(lib_a-nano-vfprintf_i.o)
                              c:/st/stm32cubeide_1.8.0/stm32cubeide/plugins/com.st.stm32cube.ide.mcu.externaltools.gnu-tools-for-stm32.10.3-2021.10.win32_1.0.0.202111181127/tools/bin/../lib/gcc/arm-none-eabi/10.3.1/../../../../arm-none-eabi/lib/thumb/v7e-m+fp/hard\libc_nano.a(lib_a-nano-vfprintf.o) (_printf_i)
[...]
Memory Configuration

Name             Origin             Length             Attributes
RAM              0x0000000020000000 0x0000000000020000 xrw
FLASH            0x0000000008000000 0x0000000000080000 xr
*default*        0x0000000000000000 0xffffffffffffffff

Linker script and memory map

LOAD c:/st/stm32cubeide_1.8.0/stm32cubeide/plugins/com.st.stm32cube.ide.mcu.externaltools.gnu-tools-for-stm32.10.3-2021.10.win32_1.0.0.202111181127/tools/bin/../lib/gcc/arm-none-eabi/10.3.1/thumb/v7e-m+fp/hard/crti.o
LOAD c:/st/stm32cubeide_1.8.0/stm32cubeide/plugins/com.st.stm32cube.ide.mcu.externaltools.gnu-tools-for-stm32.10.3-2021.10.win32_1.0.0.202111181127/tools/bin/../lib/gcc/arm-none-eabi/10.3.1/thumb/v7e-m+fp/hard/crtbegin.o
LOAD c:/st/stm32cubeide_1.8.0/stm32cubeide/plugins/com.st.stm32cube.ide.mcu.externaltools.gnu-tools-for-stm32.10.3-2021.10.win32_1.0.0.202111181127/tools/bin/../lib/gcc/arm-none-eabi/10.3.1/../../../../arm-none-eabi/lib/thumb/v7e-m+fp/hard/crt0.o
LOAD ./Core/Src/main.o
LOAD ./Core/Src/stm32f4xx_hal_msp.o
LOAD ./Core/Src/stm32f4xx_it.o
LOAD ./Core/Src/syscalls.o
LOAD ./Core/Src/sysmem.o
LOAD ./Core/Src/system_stm32f4xx.o
LOAD ./Core/Startup/startup_stm32f411retx.o
LOAD ./Drivers/STM32F4xx_HAL_Driver/Src/stm32f4xx_hal.o
LOAD ./Drivers/STM32F4xx_HAL_Driver/Src/stm32f4xx_hal_cortex.o
LOAD ./Drivers/STM32F4xx_HAL_Driver/Src/stm32f4xx_hal_dma.o
LOAD ./Drivers/STM32F4xx_HAL_Driver/Src/stm32f4xx_hal_dma_ex.o
LOAD ./Drivers/STM32F4xx_HAL_Driver/Src/stm32f4xx_hal_exti.o
LOAD ./Drivers/STM32F4xx_HAL_Driver/Src/stm32f4xx_hal_flash.o
LOAD ./Drivers/STM32F4xx_HAL_Driver/Src/stm32f4xx_hal_flash_ex.o
LOAD ./Drivers/STM32F4xx_HAL_Driver/Src/stm32f4xx_hal_flash_ramfunc.o
LOAD ./Drivers/STM32F4xx_HAL_Driver/Src/stm32f4xx_hal_gpio.o
LOAD ./Drivers/STM32F4xx_HAL_Driver/Src/stm32f4xx_hal_i2c.o
LOAD ./Drivers/STM32F4xx_HAL_Driver/Src/stm32f4xx_hal_i2c_ex.o
LOAD ./Drivers/STM32F4xx_HAL_Driver/Src/stm32f4xx_hal_pwr.o
LOAD ./Drivers/STM32F4xx_HAL_Driver/Src/stm32f4xx_hal_pwr_ex.o
LOAD ./Drivers/STM32F4xx_HAL_Driver/Src/stm32f4xx_hal_rcc.o
LOAD ./Drivers/STM32F4xx_HAL_Driver/Src/stm32f4xx_hal_rcc_ex.o
LOAD ./Drivers/STM32F4xx_HAL_Driver/Src/stm32f4xx_hal_tim.o
LOAD ./Drivers/STM32F4xx_HAL_Driver/Src/stm32f4xx_hal_tim_ex.o
LOAD ./Drivers/STM32F4xx_HAL_Driver/Src/stm32f4xx_hal_uart.o
LOAD ../Middlewares/Third_Party/ARM_CMSIS/CMSIS/DSP/Lib/GCC\libarm_cortexM4lf_math.a
START GROUP
LOAD c:/st/stm32cubeide_1.8.0/stm32cubeide/plugins/com.st.stm32cube.ide.mcu.externaltools.gnu-tools-for-stm32.10.3-2021.10.win32_1.0.0.202111181127/tools/bin/../lib/gcc/arm-none-eabi/10.3.1/../../../../arm-none-eabi/lib/thumb/v7e-m+fp/hard\libstdc++_nano.a
LOAD c:/st/stm32cubeide_1.8.0/stm32cubeide/plugins/com.st.stm32cube.ide.mcu.externaltools.gnu-tools-for-stm32.10.3-2021.10.win32_1.0.0.202111181127/tools/bin/../lib/gcc/arm-none-eabi/10.3.1/../../../../arm-none-eabi/lib/thumb/v7e-m+fp/hard\libsupc++_nano.a
END GROUP
LOAD c:/st/stm32cubeide_1.8.0/stm32cubeide/plugins/com.st.stm32cube.ide.mcu.externaltools.gnu-tools-for-stm32.10.3-2021.10.win32_1.0.0.202111181127/tools/bin/../lib/gcc/arm-none-eabi/10.3.1/../../../../arm-none-eabi/lib/thumb/v7e-m+fp/hard\libstdc++_nano.a
LOAD c:/st/stm32cubeide_1.8.0/stm32cubeide/plugins/com.st.stm32cube.ide.mcu.externaltools.gnu-tools-for-stm32.10.3-2021.10.win32_1.0.0.202111181127/tools/bin/../lib/gcc/arm-none-eabi/10.3.1/../../../../arm-none-eabi/lib/thumb/v7e-m+fp/hard\libm.a
LOAD c:/st/stm32cubeide_1.8.0/stm32cubeide/plugins/com.st.stm32cube.ide.mcu.externaltools.gnu-tools-for-stm32.10.3-2021.10.win32_1.0.0.202111181127/tools/bin/../lib/gcc/arm-none-eabi/10.3.1/../../../../arm-none-eabi/lib/thumb/v7e-m+fp/hard\libc_nano.a
START GROUP
LOAD c:/st/stm32cubeide_1.8.0/stm32cubeide/plugins/com.st.stm32cube.ide.mcu.externaltools.gnu-tools-for-stm32.10.3-2021.10.win32_1.0.0.202111181127/tools/bin/../lib/gcc/arm-none-eabi/10.3.1/thumb/v7e-m+fp/hard\libgcc.a
LOAD c:/st/stm32cubeide_1.8.0/stm32cubeide/plugins/com.st.stm32cube.ide.mcu.externaltools.gnu-tools-for-stm32.10.3-2021.10.win32_1.0.0.202111181127/tools/bin/../lib/gcc/arm-none-eabi/10.3.1/../../../../arm-none-eabi/lib/thumb/v7e-m+fp/hard\libc_nano.a
END GROUP
START GROUP
LOAD c:/st/stm32cubeide_1.8.0/stm32cubeide/plugins/com.st.stm32cube.ide.mcu.externaltools.gnu-tools-for-stm32.10.3-2021.10.win32_1.0.0.202111181127/tools/bin/../lib/gcc/arm-none-eabi/10.3.1/thumb/v7e-m+fp/hard\libgcc.a
LOAD c:/st/stm32cubeide_1.8.0/stm32cubeide/plugins/com.st.stm32cube.ide.mcu.externaltools.gnu-tools-for-stm32.10.3-2021.10.win32_1.0.0.202111181127/tools/bin/../lib/gcc/arm-none-eabi/10.3.1/../../../../arm-none-eabi/lib/thumb/v7e-m+fp/hard\libc_nano.a
LOAD c:/st/stm32cubeide_1.8.0/stm32cubeide/plugins/com.st.stm32cube.ide.mcu.externaltools.gnu-tools-for-stm32.10.3-2021.10.win32_1.0.0.202111181127/tools/bin/../lib/gcc/arm-none-eabi/10.3.1/../../../../arm-none-eabi/lib/thumb/v7e-m+fp/hard\libnosys.a
END GROUP
START GROUP
LOAD c:/st/stm32cubeide_1.8.0/stm32cubeide/plugins/com.st.stm32cube.ide.mcu.externaltools.gnu-tools-for-stm32.10.3-2021.10.win32_1.0.0.202111181127/tools/bin/../lib/gcc/arm-none-eabi/10.3.1/thumb/v7e-m+fp/hard\libgcc.a
LOAD c:/st/stm32cubeide_1.8.0/stm32cubeide/plugins/com.st.stm32cube.ide.mcu.externaltools.gnu-tools-for-stm32.10.3-2021.10.win32_1.0.0.202111181127/tools/bin/../lib/gcc/arm-none-eabi/10.3.1/../../../../arm-none-eabi/lib/thumb/v7e-m+fp/hard\libc_nano.a
LOAD c:/st/stm32cubeide_1.8.0/stm32cubeide/plugins/com.st.stm32cube.ide.mcu.externaltools.gnu-tools-for-stm32.10.3-2021.10.win32_1.0.0.202111181127/tools/bin/../lib/gcc/arm-none-eabi/10.3.1/../../../../arm-none-eabi/lib/thumb/v7e-m+fp/hard\libnosys.a
END GROUP
LOAD c:/st/stm32cubeide_1.8.0/stm32cubeide/plugins/com.st.stm32cube.ide.mcu.externaltools.gnu-tools-for-stm32.10.3-2021.10.win32_1.0.0.202111181127/tools/bin/../lib/gcc/arm-none-eabi/10.3.1/thumb/v7e-m+fp/hard/crtend.o
LOAD c:/st/stm32cubeide_1.8.0/stm32cubeide/plugins/com.st.stm32cube.ide.mcu.externaltools.gnu-tools-for-stm32.10.3-2021.10.win32_1.0.0.202111181127/tools/bin/../lib/gcc/arm-none-eabi/10.3.1/thumb/v7e-m+fp/hard/crtn.o
                0x0000000020020000                _estack = (ORIGIN (RAM) + LENGTH (RAM))
                0x0000000000000200                _Min_Heap_Size = 0x200
                0x0000000000000400                _Min_Stack_Size = 0x400

.isr_vector     0x0000000008000000      0x198
                0x0000000008000000                . = ALIGN (0x4)
 *(.isr_vector)
 .isr_vector    0x0000000008000000      0x198 ./Core/Startup/startup_stm32f411retx.o
                0x0000000008000000                g_pfnVectors
                0x0000000008000198                . = ALIGN (0x4)

.text           0x00000000080001a0     0x70ac
                0x00000000080001a0                . = ALIGN (0x4)
 *(.text)
 .text          0x00000000080001a0       0x40 c:/st/stm32cubeide_1.8.0/stm32cubeide/plugins/com.st.stm32cube.ide.mcu.externaltools.gnu-tools-for-stm32.10.3-2021.10.win32_1.0.0.202111181127/tools/bin/../lib/gcc/arm-none-eabi/10.3.1/thumb/v7e-m+fp/hard/crtbegin.o
 .text          0x00000000080001e0       0xa0 c:/st/stm32cubeide_1.8.0/stm32cubeide/plugins/com.st.stm32cube.ide.mcu.externaltools.gnu-tools-for-stm32.10.3-2021.10.win32_1.0.0.202111181127/tools/bin/../lib/gcc/arm-none-eabi/10.3.1/../../../../arm-none-eabi/lib/thumb/v7e-m+fp/hard\libc_nano.a(lib_a-memchr.o)
                0x00000000080001e0                memchr
 .text          0x0000000008000280      0x254 c:/st/stm32cubeide_1.8.0/stm32cubeide/plugins/com.st.stm32cube.ide.mcu.externaltools.gnu-tools-for-stm32.10.3-2021.10.win32_1.0.0.202111181127/tools/bin/../lib/gcc/arm-none-eabi/10.3.1/thumb/v7e-m+fp/hard\libgcc.a(_arm_muldf3.o)
                0x0000000008000280                __muldf3
                0x0000000008000280                __aeabi_dmul
 .text          0x00000000080004d4      0x378 c:/st/stm32cubeide_1.8.0/stm32cubeide/plugins/com.st.stm32cube.ide.mcu.externaltools.gnu-tools-for-stm32.10.3-2021.10.win32_1.0.0.202111181127/tools/bin/../lib/gcc/arm-none-eabi/10.3.1/thumb/v7e-m+fp/hard\libgcc.a(_arm_addsubdf3.o)
                0x00000000080004d4                __aeabi_drsub
                0x00000000080004dc                __aeabi_dsub
                0x00000000080004dc                __subdf3
                0x00000000080004e0                __aeabi_dadd
                0x00000000080004e0                __adddf3
                0x0000000008000758                __floatunsidf
                0x0000000008000758                __aeabi_ui2d
                0x0000000008000778                __floatsidf
                0x0000000008000778                __aeabi_i2d
                0x000000000800079c                __aeabi_f2d
                0x000000000800079c                __extendsfdf2
                0x00000000080007e0                __floatundidf
                0x00000000080007e0                __aeabi_ul2d
                0x00000000080007f0                __floatdidf
                0x00000000080007f0                __aeabi_l2d
 .text          0x000000000800084c      0x110 c:/st/stm32cubeide_1.8.0/stm32cubeide/plugins/com.st.stm32cube.ide.mcu.externaltools.gnu-tools-for-stm32.10.3-2021.10.win32_1.0.0.202111181127/tools/bin/../lib/gcc/arm-none-eabi/10.3.1/thumb/v7e-m+fp/hard\libgcc.a(_arm_cmpdf2.o)
                0x000000000800084c                __gtdf2
                0x000000000800084c                __gedf2
                0x0000000008000854                __ltdf2
                0x0000000008000854                __ledf2
                0x000000000800085c                __nedf2
                0x000000000800085c                __eqdf2
                0x000000000800085c                __cmpdf2
                0x00000000080008d8                __aeabi_cdrcmple
                0x00000000080008e8                __aeabi_cdcmpeq
                0x00000000080008e8                __aeabi_cdcmple
                0x00000000080008f8                __aeabi_dcmpeq
                0x000000000800090c                __aeabi_dcmplt
                0x0000000008000920                __aeabi_dcmple
                0x0000000008000934                __aeabi_dcmpge
                0x0000000008000948                __aeabi_dcmpgt
 .text          0x000000000800095c       0xa0 c:/st/stm32cubeide_1.8.0/stm32cubeide/plugins/com.st.stm32cube.ide.mcu.externaltools.gnu-tools-for-stm32.10.3-2021.10.win32_1.0.0.202111181127/tools/bin/../lib/gcc/arm-none-eabi/10.3.1/thumb/v7e-m+fp/hard\libgcc.a(_arm_truncdfsf2.o)
                0x000000000800095c                __truncdfsf2
                0x000000000800095c                __aeabi_d2f
 .text          0x00000000080009fc       0x30 c:/st/stm32cubeide_1.8.0/stm32cubeide/plugins/com.st.stm32cube.ide.mcu.externaltools.gnu-tools-for-stm32.10.3-2021.10.win32_1.0.0.202111181127/tools/bin/../lib/gcc/arm-none-eabi/10.3.1/thumb/v7e-m+fp/hard\libgcc.a(_aeabi_uldivmod.o)
                0x00000000080009fc                __aeabi_uldivmod
 .text          0x0000000008000a2c      0x2d0 c:/st/stm32cubeide_1.8.0/stm32cubeide/plugins/com.st.stm32cube.ide.mcu.externaltools.gnu-tools-for-stm32.10.3-2021.10.win32_1.0.0.202111181127/tools/bin/../lib/gcc/arm-none-eabi/10.3.1/thumb/v7e-m+fp/hard\libgcc.a(_udivmoddi4.o)
                0x0000000008000a2c                __udivmoddi4
 .text          0x0000000008000cfc        0x4 c:/st/stm32cubeide_1.8.0/stm32cubeide/plugins/com.st.stm32cube.ide.mcu.externaltools.gnu-tools-for-stm32.10.3-2021.10.win32_1.0.0.202111181127/tools/bin/../lib/gcc/arm-none-eabi/10.3.1/thumb/v7e-m+fp/hard\libgcc.a(_dvmd_tls.o)
                0x0000000008000cfc                __aeabi_idiv0
                0x0000000008000cfc                __aeabi_ldiv0
 *(.text*)
 .text._ZN5Eigen16CommaInitializerINS_6MatrixIfLi3ELi1ELi0ELi3ELi1EEEE8finishedEv.isra.0
                0x0000000008000d00       0x2c ./Core/Src/main.o
 .text._ZN5Eigen16CommaInitializerINS_6MatrixIfLi3ELi3ELi0ELi3ELi3EEEE8finishedEv.isra.0
                0x0000000008000d2c       0x2c ./Core/Src/main.o
 .text._Z18SystemClock_Configv
                0x0000000008000d58       0xb8 ./Core/Src/main.o
                0x0000000008000d58                SystemClock_Config()
 .text._Z10Trajectoryv
                0x0000000008000e10      0x39c ./Core/Src/main.o
                0x0000000008000e10                Trajectory()
 *fill*         0x00000000080011ac        0x4 
 .text._Z10Unwrappingv
                0x00000000080011b0      0x100 ./Core/Src/main.o
                0x00000000080011b0                Unwrapping()
 .text._Z11PIDPositionv
                0x00000000080012b0       0xdc ./Core/Src/main.o
                0x00000000080012b0                PIDPosition()
 .text._Z11PIDVelocityv
                0x000000000800138c       0xc4 ./Core/Src/main.o
                0x000000000800138c                PIDVelocity()
 .text._Z12MotDrvCytronv
                0x0000000008001450       0xd4 ./Core/Src/main.o
                0x0000000008001450                MotDrvCytron()
 .text.HAL_GPIO_EXTI_Callback
                0x0000000008001524       0x70 ./Core/Src/main.o
                0x0000000008001524                HAL_GPIO_EXTI_Callback
 .text.HAL_TIM_PeriodElapsedCallback
                0x0000000008001594       0x28 ./Core/Src/main.o
                0x0000000008001594                HAL_TIM_PeriodElapsedCallback
 .text.Error_Handler
                0x00000000080015bc        0x4 ./Core/Src/main.o
                0x00000000080015bc                Error_Handler
 .text._ZN5Eigen16CommaInitializerINS_6MatrixIfLi3ELi3ELi0ELi3ELi3EEEEcmERKf
                0x00000000080015c0       0x7c ./Core/Src/main.o
                0x00000000080015c0                Eigen::CommaInitializer<Eigen::Matrix<float, 3, 3, 0, 3, 3> >::operator,(float const&)
 .text._ZN5Eigen16CommaInitializerINS_6MatrixIfLi3ELi1ELi0ELi3ELi1EEEEcmERKf
                0x000000000800163c       0x78 ./Core/Src/main.o
                0x000000000800163c                Eigen::CommaInitializer<Eigen::Matrix<float, 3, 1, 0, 3, 1> >::operator,(float const&)
 .text._ZN5Eigen16CommaInitializerINS_6MatrixIfLi1ELi3ELi1ELi1ELi3EEEEcmERKf
                0x00000000080016b4       0x78 ./Core/Src/main.o
                0x00000000080016b4                Eigen::CommaInitializer<Eigen::Matrix<float, 1, 3, 1, 1, 3> >::operator,(float const&)
 .text._ZN5Eigen8internal26call_dense_assignment_loopINS_6MatrixIfLi3ELi3ELi0ELi3ELi3EEENS_13CwiseBinaryOpINS0_13scalar_sum_opIffEEKNS_7ProductINS7_IS3_S3_Li0EEENS_9TransposeIS3_EELi0EEEKS3_EENS0_9assign_opIffEEEEvRT_RKT0_RKT1_
                0x000000000800172c      0x1d4 ./Core/Src/main.o
                0x000000000800172c                void Eigen::internal::call_dense_assignment_loop<Eigen::Matrix<float, 3, 3, 0, 3, 3>, Eigen::CwiseBinaryOp<Eigen::internal::scalar_sum_op<float, float>, Eigen::Product<Eigen::Product<Eigen::Matrix<float, 3, 3, 0, 3, 3>, Eigen::Matrix<float, 3, 3, 0, 3, 3>, 0>, Eigen::Transpose<Eigen::Matrix<float, 3, 3, 0, 3, 3> >, 0> const, Eigen::Matrix<float, 3, 3, 0, 3, 3> const>, Eigen::internal::assign_op<float, float> >(Eigen::Matrix<float, 3, 3, 0, 3, 3>&, Eigen::CwiseBinaryOp<Eigen::internal::scalar_sum_op<float, float>, Eigen::Product<Eigen::Product<Eigen::Matrix<float, 3, 3, 0, 3, 3>, Eigen::Matrix<float, 3, 3, 0, 3, 3>, 0>, Eigen::Transpose<Eigen::Matrix<float, 3, 3, 0, 3, 3> >, 0> const, Eigen::Matrix<float, 3, 3, 0, 3, 3> const> const&, Eigen::internal::assign_op<float, float> const&)
 .text._Z12Kalmanfilterv
                0x0000000008001900      0x398 ./Core/Src/main.o
                0x0000000008001900                Kalmanfilter()
 .text._Z13GrandStatumixv
                0x0000000008001c98      0x180 ./Core/Src/main.o
                0x0000000008001c98                GrandStatumix()
 .text.startup.main
                0x0000000008001e18      0x87c ./Core/Src/main.o
                0x0000000008001e18                main
 .text.HAL_MspInit
                0x0000000008002694       0x3c ./Core/Src/stm32f4xx_hal_msp.o
                0x0000000008002694                HAL_MspInit
 .text.HAL_I2C_MspInit
                0x00000000080026d0       0x90 ./Core/Src/stm32f4xx_hal_msp.o
                0x00000000080026d0                HAL_I2C_MspInit
 .text.HAL_TIM_Base_MspInit
                0x0000000008002760      0x10c ./Core/Src/stm32f4xx_hal_msp.o
                0x0000000008002760                HAL_TIM_Base_MspInit
 *fill*         0x000000000800286c        0x4 
 .text.HAL_TIM_MspPostInit
                0x0000000008002870       0x60 ./Core/Src/stm32f4xx_hal_msp.o
                0x0000000008002870                HAL_TIM_MspPostInit
 .text.HAL_UART_MspInit
                0x00000000080028d0       0x78 ./Core/Src/stm32f4xx_hal_msp.o
                0x00000000080028d0                HAL_UART_MspInit
 .text.NMI_Handler
                0x0000000008002948        0x4 ./Core/Src/stm32f4xx_it.o
                0x0000000008002948                NMI_Handler
 .text.HardFault_Handler
                0x000000000800294c        0x4 ./Core/Src/stm32f4xx_it.o
                0x000000000800294c                HardFault_Handler
 .text.MemManage_Handler
                0x0000000008002950        0x4 ./Core/Src/stm32f4xx_it.o
                0x0000000008002950                MemManage_Handler
 .text.BusFault_Handler
                0x0000000008002954        0x4 ./Core/Src/stm32f4xx_it.o
                0x0000000008002954                BusFault_Handler
 .text.UsageFault_Handler
                0x0000000008002958        0x4 ./Core/Src/stm32f4xx_it.o
                0x0000000008002958                UsageFault_Handler
 .text.SVC_Handler
                0x000000000800295c        0x4 ./Core/Src/stm32f4xx_it.o
                0x000000000800295c                SVC_Handler
 .text.DebugMon_Handler
                0x0000000008002960        0x4 ./Core/Src/stm32f4xx_it.o
                0x0000000008002960                DebugMon_Handler
 .text.PendSV_Handler
                0x0000000008002964        0x4 ./Core/Src/stm32f4xx_it.o
                0x0000000008002964                PendSV_Handler
 .text.SysTick_Handler
                0x0000000008002968        0x4 ./Core/Src/stm32f4xx_it.o
                0x0000000008002968                SysTick_Handler
 .text.EXTI2_IRQHandler
                0x000000000800296c        0x8 ./Core/Src/stm32f4xx_it.o
                0x000000000800296c                EXTI2_IRQHandler
 .text.DMA1_Stream5_IRQHandler
                0x0000000008002974        0xc ./Core/Src/stm32f4xx_it.o
                0x0000000008002974                DMA1_Stream5_IRQHandler
 .text.TIM1_TRG_COM_TIM11_IRQHandler
                0x0000000008002980        0xc ./Core/Src/stm32f4xx_it.o
                0x0000000008002980                TIM1_TRG_COM_TIM11_IRQHandler
 .text.I2C1_EV_IRQHandler
                0x000000000800298c        0xc ./Core/Src/stm32f4xx_it.o
                0x000000000800298c                I2C1_EV_IRQHandler
 .text.I2C1_ER_IRQHandler
                0x0000000008002998        0xc ./Core/Src/stm32f4xx_it.o
                0x0000000008002998                I2C1_ER_IRQHandler
 .text.EXTI15_10_IRQHandler
                0x00000000080029a4       0x20 ./Core/Src/stm32f4xx_it.o
                0x00000000080029a4                EXTI15_10_IRQHandler
 .text._getpid  0x00000000080029c4        0x4 ./Core/Src/syscalls.o
                0x00000000080029c4                _getpid
 .text._kill    0x00000000080029c8       0x10 ./Core/Src/syscalls.o
                0x00000000080029c8                _kill
 .text._exit    0x00000000080029d8        0xc ./Core/Src/syscalls.o
                0x00000000080029d8                _exit
 .text._read    0x00000000080029e4       0x1c ./Core/Src/syscalls.o
                0x00000000080029e4                _read
 .text._write   0x0000000008002a00       0x1c ./Core/Src/syscalls.o
                0x0000000008002a00                _write
 .text._close   0x0000000008002a1c        0x8 ./Core/Src/syscalls.o
                0x0000000008002a1c                _close
 .text._fstat   0x0000000008002a24        0xc ./Core/Src/syscalls.o
                0x0000000008002a24                _fstat
 .text._isatty  0x0000000008002a30        0x4 ./Core/Src/syscalls.o
                0x0000000008002a30                _isatty
 .text._lseek   0x0000000008002a34        0x4 ./Core/Src/syscalls.o
                0x0000000008002a34                _lseek
 .text._sbrk    0x0000000008002a38       0x44 ./Core/Src/sysmem.o
                0x0000000008002a38                _sbrk
 .text.SystemInit
                0x0000000008002a7c       0x14 ./Core/Src/system_stm32f4xx.o
                0x0000000008002a7c                SystemInit
 .text.Reset_Handler
                0x0000000008002a90       0x50 ./Core/Startup/startup_stm32f411retx.o
                0x0000000008002a90                Reset_Handler
 .text.Default_Handler
                0x0000000008002ae0        0x2 ./Core/Startup/startup_stm32f411retx.o
                0x0000000008002ae0                RTC_Alarm_IRQHandler
                0x0000000008002ae0                SPI4_IRQHandler
                0x0000000008002ae0                TIM1_CC_IRQHandler
                0x0000000008002ae0                DMA2_Stream5_IRQHandler
                0x0000000008002ae0                PVD_IRQHandler
                0x0000000008002ae0                SDIO_IRQHandler
                0x0000000008002ae0                TAMP_STAMP_IRQHandler
                0x0000000008002ae0                EXTI3_IRQHandler
                0x0000000008002ae0                TIM1_UP_TIM10_IRQHandler
                0x0000000008002ae0                I2C3_ER_IRQHandler
                0x0000000008002ae0                EXTI0_IRQHandler
                0x0000000008002ae0                I2C2_EV_IRQHandler
                0x0000000008002ae0                DMA1_Stream2_IRQHandler
                0x0000000008002ae0                FPU_IRQHandler
                0x0000000008002ae0                DMA2_Stream2_IRQHandler
                0x0000000008002ae0                SPI1_IRQHandler
                0x0000000008002ae0                TIM1_BRK_TIM9_IRQHandler
                0x0000000008002ae0                DMA2_Stream3_IRQHandler
                0x0000000008002ae0                USART6_IRQHandler
                0x0000000008002ae0                DMA2_Stream0_IRQHandler
                0x0000000008002ae0                TIM4_IRQHandler
                0x0000000008002ae0                DMA1_Stream6_IRQHandler
                0x0000000008002ae0                DMA1_Stream1_IRQHandler
                0x0000000008002ae0                TIM3_IRQHandler
                0x0000000008002ae0                RCC_IRQHandler
                0x0000000008002ae0                Default_Handler
                0x0000000008002ae0                ADC_IRQHandler
                0x0000000008002ae0                DMA1_Stream7_IRQHandler
                0x0000000008002ae0                SPI5_IRQHandler
                0x0000000008002ae0                TIM5_IRQHandler
                0x0000000008002ae0                DMA2_Stream7_IRQHandler
                0x0000000008002ae0                I2C3_EV_IRQHandler
                0x0000000008002ae0                EXTI9_5_IRQHandler
                0x0000000008002ae0                RTC_WKUP_IRQHandler
                0x0000000008002ae0                SPI2_IRQHandler
                0x0000000008002ae0                DMA1_Stream0_IRQHandler
                0x0000000008002ae0                EXTI4_IRQHandler
                0x0000000008002ae0                WWDG_IRQHandler
                0x0000000008002ae0                TIM2_IRQHandler
                0x0000000008002ae0                OTG_FS_WKUP_IRQHandler
                0x0000000008002ae0                EXTI1_IRQHandler
                0x0000000008002ae0                USART2_IRQHandler
                0x0000000008002ae0                I2C2_ER_IRQHandler
                0x0000000008002ae0                DMA2_Stream1_IRQHandler
                0x0000000008002ae0                FLASH_IRQHandler
                0x0000000008002ae0                DMA2_Stream4_IRQHandler
                0x0000000008002ae0                USART1_IRQHandler
                0x0000000008002ae0                OTG_FS_IRQHandler
                0x0000000008002ae0                SPI3_IRQHandler
                0x0000000008002ae0                DMA1_Stream4_IRQHandler
                0x0000000008002ae0                DMA2_Stream6_IRQHandler
                0x0000000008002ae0                DMA1_Stream3_IRQHandler
 *fill*         0x0000000008002ae2        0x2 
 .text.HAL_InitTick
                0x0000000008002ae4       0x48 ./Drivers/STM32F4xx_HAL_Driver/Src/stm32f4xx_hal.o
                0x0000000008002ae4                HAL_InitTick
 .text.HAL_Init
                0x0000000008002b2c       0x34 ./Drivers/STM32F4xx_HAL_Driver/Src/stm32f4xx_hal.o
                0x0000000008002b2c                HAL_Init
 .text.HAL_IncTick
                0x0000000008002b60       0x18 ./Drivers/STM32F4xx_HAL_Driver/Src/stm32f4xx_hal.o
                0x0000000008002b60                HAL_IncTick
 .text.HAL_GetTick
                0x0000000008002b78        0xc ./Drivers/STM32F4xx_HAL_Driver/Src/stm32f4xx_hal.o
                0x0000000008002b78                HAL_GetTick
 .text.HAL_Delay
                0x0000000008002b84       0x24 ./Drivers/STM32F4xx_HAL_Driver/Src/stm32f4xx_hal.o
                0x0000000008002b84                HAL_Delay
 .text.HAL_NVIC_SetPriorityGrouping
                0x0000000008002ba8       0x24 ./Drivers/STM32F4xx_HAL_Driver/Src/stm32f4xx_hal_cortex.o
                0x0000000008002ba8                HAL_NVIC_SetPriorityGrouping
 .text.HAL_NVIC_SetPriority
                0x0000000008002bcc       0x7c ./Drivers/STM32F4xx_HAL_Driver/Src/stm32f4xx_hal_cortex.o
                0x0000000008002bcc                HAL_NVIC_SetPriority
 .text.HAL_NVIC_EnableIRQ
                0x0000000008002c48       0x1c ./Drivers/STM32F4xx_HAL_Driver/Src/stm32f4xx_hal_cortex.o
                0x0000000008002c48                HAL_NVIC_EnableIRQ
 .text.HAL_SYSTICK_Config
                0x0000000008002c64       0x34 ./Drivers/STM32F4xx_HAL_Driver/Src/stm32f4xx_hal_cortex.o
                0x0000000008002c64                HAL_SYSTICK_Config
 .text.HAL_DMA_Init
                0x0000000008002c98      0x130 ./Drivers/STM32F4xx_HAL_Driver/Src/stm32f4xx_hal_dma.o
                0x0000000008002c98                HAL_DMA_Init
 .text.HAL_DMA_Start_IT
                0x0000000008002dc8       0x80 ./Drivers/STM32F4xx_HAL_Driver/Src/stm32f4xx_hal_dma.o
                0x0000000008002dc8                HAL_DMA_Start_IT
 .text.HAL_DMA_Abort_IT
                0x0000000008002e48       0x24 ./Drivers/STM32F4xx_HAL_Driver/Src/stm32f4xx_hal_dma.o
                0x0000000008002e48                HAL_DMA_Abort_IT
 .text.HAL_DMA_IRQHandler
                0x0000000008002e6c      0x1e0 ./Drivers/STM32F4xx_HAL_Driver/Src/stm32f4xx_hal_dma.o
                0x0000000008002e6c                HAL_DMA_IRQHandler
 .text.HAL_DMA_GetState
                0x000000000800304c        0x8 ./Drivers/STM32F4xx_HAL_Driver/Src/stm32f4xx_hal_dma.o
                0x000000000800304c                HAL_DMA_GetState
 .text.HAL_GPIO_Init
                0x0000000008003054      0x1e4 ./Drivers/STM32F4xx_HAL_Driver/Src/stm32f4xx_hal_gpio.o
                0x0000000008003054                HAL_GPIO_Init
 .text.HAL_GPIO_ReadPin
                0x0000000008003238        0xc ./Drivers/STM32F4xx_HAL_Driver/Src/stm32f4xx_hal_gpio.o
                0x0000000008003238                HAL_GPIO_ReadPin
 .text.HAL_GPIO_WritePin
                0x0000000008003244        0x8 ./Drivers/STM32F4xx_HAL_Driver/Src/stm32f4xx_hal_gpio.o
                0x0000000008003244                HAL_GPIO_WritePin
 .text.HAL_GPIO_TogglePin
                0x000000000800324c       0x14 ./Drivers/STM32F4xx_HAL_Driver/Src/stm32f4xx_hal_gpio.o
                0x000000000800324c                HAL_GPIO_TogglePin
 .text.HAL_GPIO_EXTI_IRQHandler
                0x0000000008003260       0x18 ./Drivers/STM32F4xx_HAL_Driver/Src/stm32f4xx_hal_gpio.o
                0x0000000008003260                HAL_GPIO_EXTI_IRQHandler
 .text.I2C_RequestMemoryWrite
                0x0000000008003278      0x1ec ./Drivers/STM32F4xx_HAL_Driver/Src/stm32f4xx_hal_i2c.o
 .text.I2C_RequestMemoryRead
                0x0000000008003464      0x2a8 ./Drivers/STM32F4xx_HAL_Driver/Src/stm32f4xx_hal_i2c.o
 .text.HAL_I2C_Init
                0x000000000800370c      0x190 ./Drivers/STM32F4xx_HAL_Driver/Src/stm32f4xx_hal_i2c.o
                0x000000000800370c                HAL_I2C_Init
 .text.HAL_I2C_Mem_Write
                0x000000000800389c      0x1e8 ./Drivers/STM32F4xx_HAL_Driver/Src/stm32f4xx_hal_i2c.o
                0x000000000800389c                HAL_I2C_Mem_Write
 .text.HAL_I2C_Mem_Read
                0x0000000008003a84      0x35c ./Drivers/STM32F4xx_HAL_Driver/Src/stm32f4xx_hal_i2c.o
                0x0000000008003a84                HAL_I2C_Mem_Read
 .text.HAL_I2C_MasterTxCpltCallback
                0x0000000008003de0        0x4 ./Drivers/STM32F4xx_HAL_Driver/Src/stm32f4xx_hal_i2c.o
                0x0000000008003de0                HAL_I2C_MasterTxCpltCallback
 .text.HAL_I2C_MasterRxCpltCallback
                0x0000000008003de4        0x4 ./Drivers/STM32F4xx_HAL_Driver/Src/stm32f4xx_hal_i2c.o
                0x0000000008003de4                HAL_I2C_MasterRxCpltCallback
 .text.HAL_I2C_SlaveTxCpltCallback
                0x0000000008003de8        0x4 ./Drivers/STM32F4xx_HAL_Driver/Src/stm32f4xx_hal_i2c.o
                0x0000000008003de8                HAL_I2C_SlaveTxCpltCallback
 .text.HAL_I2C_SlaveRxCpltCallback
                0x0000000008003dec        0x4 ./Drivers/STM32F4xx_HAL_Driver/Src/stm32f4xx_hal_i2c.o
                0x0000000008003dec                HAL_I2C_SlaveRxCpltCallback
 .text.HAL_I2C_AddrCallback
                0x0000000008003df0        0x4 ./Drivers/STM32F4xx_HAL_Driver/Src/stm32f4xx_hal_i2c.o
                0x0000000008003df0                HAL_I2C_AddrCallback
 .text.HAL_I2C_ListenCpltCallback
                0x0000000008003df4        0x4 ./Drivers/STM32F4xx_HAL_Driver/Src/stm32f4xx_hal_i2c.o
                0x0000000008003df4                HAL_I2C_ListenCpltCallback
 .text.HAL_I2C_MemTxCpltCallback
                0x0000000008003df8        0x4 ./Drivers/STM32F4xx_HAL_Driver/Src/stm32f4xx_hal_i2c.o
                0x0000000008003df8                HAL_I2C_MemTxCpltCallback
 .text.I2C_MemoryTransmit_TXE_BTF
                0x0000000008003dfc       0xbc ./Drivers/STM32F4xx_HAL_Driver/Src/stm32f4xx_hal_i2c.o
 .text.HAL_I2C_MemRxCpltCallback
                0x0000000008003eb8        0x4 ./Drivers/STM32F4xx_HAL_Driver/Src/stm32f4xx_hal_i2c.o
                0x0000000008003eb8                HAL_I2C_MemRxCpltCallback
 .text.HAL_I2C_ErrorCallback
                0x0000000008003ebc        0x4 ./Drivers/STM32F4xx_HAL_Driver/Src/stm32f4xx_hal_i2c.o
                0x0000000008003ebc                HAL_I2C_ErrorCallback
 .text.HAL_I2C_AbortCpltCallback
                0x0000000008003ec0        0x4 ./Drivers/STM32F4xx_HAL_Driver/Src/stm32f4xx_hal_i2c.o
                0x0000000008003ec0                HAL_I2C_AbortCpltCallback
 .text.I2C_DMAAbort
                0x0000000008003ec4       0xf4 ./Drivers/STM32F4xx_HAL_Driver/Src/stm32f4xx_hal_i2c.o
 .text.I2C_ITError
                0x0000000008003fb8      0x16c ./Drivers/STM32F4xx_HAL_Driver/Src/stm32f4xx_hal_i2c.o
 .text.HAL_I2C_EV_IRQHandler
                0x0000000008004124      0x96c ./Drivers/STM32F4xx_HAL_Driver/Src/stm32f4xx_hal_i2c.o
                0x0000000008004124                HAL_I2C_EV_IRQHandler
 .text.HAL_I2C_ER_IRQHandler
                0x0000000008004a90      0x190 ./Drivers/STM32F4xx_HAL_Driver/Src/stm32f4xx_hal_i2c.o
                0x0000000008004a90                HAL_I2C_ER_IRQHandler
 .text.HAL_RCC_OscConfig
                0x0000000008004c20      0x3c8 ./Drivers/STM32F4xx_HAL_Driver/Src/stm32f4xx_hal_rcc.o
                0x0000000008004c20                HAL_RCC_OscConfig
 .text.HAL_RCC_GetSysClockFreq
                0x0000000008004fe8       0x68 ./Drivers/STM32F4xx_HAL_Driver/Src/stm32f4xx_hal_rcc.o
                0x0000000008004fe8                HAL_RCC_GetSysClockFreq
 .text.HAL_RCC_ClockConfig
                0x0000000008005050      0x13c ./Drivers/STM32F4xx_HAL_Driver/Src/stm32f4xx_hal_rcc.o
                0x0000000008005050                HAL_RCC_ClockConfig
 .text.HAL_RCC_GetPCLK1Freq
                0x000000000800518c       0x20 ./Drivers/STM32F4xx_HAL_Driver/Src/stm32f4xx_hal_rcc.o
                0x000000000800518c                HAL_RCC_GetPCLK1Freq
 .text.HAL_RCC_GetPCLK2Freq
                0x00000000080051ac       0x20 ./Drivers/STM32F4xx_HAL_Driver/Src/stm32f4xx_hal_rcc.o
                0x00000000080051ac                HAL_RCC_GetPCLK2Freq
 .text.HAL_TIM_Base_Init
                0x00000000080051cc       0xfc ./Drivers/STM32F4xx_HAL_Driver/Src/stm32f4xx_hal_tim.o
                0x00000000080051cc                HAL_TIM_Base_Init
 .text.HAL_TIM_Base_Start
                0x00000000080052c8       0x60 ./Drivers/STM32F4xx_HAL_Driver/Src/stm32f4xx_hal_tim.o
                0x00000000080052c8                HAL_TIM_Base_Start
 .text.HAL_TIM_Base_Start_IT
                0x0000000008005328       0x68 ./Drivers/STM32F4xx_HAL_Driver/Src/stm32f4xx_hal_tim.o
                0x0000000008005328                HAL_TIM_Base_Start_IT
 .text.HAL_TIM_PWM_MspInit
                0x0000000008005390        0x4 ./Drivers/STM32F4xx_HAL_Driver/Src/stm32f4xx_hal_tim.o
                0x0000000008005390                HAL_TIM_PWM_MspInit
 .text.HAL_TIM_PWM_Init
                0x0000000008005394       0xfc ./Drivers/STM32F4xx_HAL_Driver/Src/stm32f4xx_hal_tim.o
                0x0000000008005394                HAL_TIM_PWM_Init
 .text.HAL_TIM_PWM_Start
                0x0000000008005490       0xc4 ./Drivers/STM32F4xx_HAL_Driver/Src/stm32f4xx_hal_tim.o
                0x0000000008005490                HAL_TIM_PWM_Start
 .text.HAL_TIM_IC_MspInit
                0x0000000008005554        0x4 ./Drivers/STM32F4xx_HAL_Driver/Src/stm32f4xx_hal_tim.o
                0x0000000008005554                HAL_TIM_IC_MspInit
 .text.HAL_TIM_IC_Init
                0x0000000008005558       0xfc ./Drivers/STM32F4xx_HAL_Driver/Src/stm32f4xx_hal_tim.o
                0x0000000008005558                HAL_TIM_IC_Init
 .text.HAL_TIM_IC_Start_DMA
                0x0000000008005654      0x1f4 ./Drivers/STM32F4xx_HAL_Driver/Src/stm32f4xx_hal_tim.o
                0x0000000008005654                HAL_TIM_IC_Start_DMA
 .text.HAL_TIM_IC_ConfigChannel
                0x0000000008005848      0x1ac ./Drivers/STM32F4xx_HAL_Driver/Src/stm32f4xx_hal_tim.o
                0x0000000008005848                HAL_TIM_IC_ConfigChannel
 .text.HAL_TIM_PWM_ConfigChannel
                0x00000000080059f4      0x20c ./Drivers/STM32F4xx_HAL_Driver/Src/stm32f4xx_hal_tim.o
                0x00000000080059f4                HAL_TIM_PWM_ConfigChannel
 .text.HAL_TIM_ConfigClockSource
                0x0000000008005c00      0x160 ./Drivers/STM32F4xx_HAL_Driver/Src/stm32f4xx_hal_tim.o
                0x0000000008005c00                HAL_TIM_ConfigClockSource
 .text.HAL_TIM_OC_DelayElapsedCallback
                0x0000000008005d60        0x4 ./Drivers/STM32F4xx_HAL_Driver/Src/stm32f4xx_hal_tim.o
                0x0000000008005d60                HAL_TIM_OC_DelayElapsedCallback
 .text.HAL_TIM_IC_CaptureCallback
                0x0000000008005d64        0x4 ./Drivers/STM32F4xx_HAL_Driver/Src/stm32f4xx_hal_tim.o
                0x0000000008005d64                HAL_TIM_IC_CaptureCallback
 .text.TIM_DMACaptureCplt
                0x0000000008005d68       0x94 ./Drivers/STM32F4xx_HAL_Driver/Src/stm32f4xx_hal_tim.o
                0x0000000008005d68                TIM_DMACaptureCplt
 .text.HAL_TIM_IC_CaptureHalfCpltCallback
                0x0000000008005dfc        0x4 ./Drivers/STM32F4xx_HAL_Driver/Src/stm32f4xx_hal_tim.o
                0x0000000008005dfc                HAL_TIM_IC_CaptureHalfCpltCallback
 .text.TIM_DMACaptureHalfCplt
                0x0000000008005e00       0x5c ./Drivers/STM32F4xx_HAL_Driver/Src/stm32f4xx_hal_tim.o
                0x0000000008005e00                TIM_DMACaptureHalfCplt
 .text.HAL_TIM_PWM_PulseFinishedCallback
                0x0000000008005e5c        0x4 ./Drivers/STM32F4xx_HAL_Driver/Src/stm32f4xx_hal_tim.o
                0x0000000008005e5c                HAL_TIM_PWM_PulseFinishedCallback
 .text.HAL_TIM_TriggerCallback
                0x0000000008005e60        0x4 ./Drivers/STM32F4xx_HAL_Driver/Src/stm32f4xx_hal_tim.o
                0x0000000008005e60                HAL_TIM_TriggerCallback
 .text.HAL_TIM_IRQHandler
                0x0000000008005e64      0x154 ./Drivers/STM32F4xx_HAL_Driver/Src/stm32f4xx_hal_tim.o
                0x0000000008005e64                HAL_TIM_IRQHandler
 .text.HAL_TIM_ErrorCallback
                0x0000000008005fb8        0x4 ./Drivers/STM32F4xx_HAL_Driver/Src/stm32f4xx_hal_tim.o
                0x0000000008005fb8                HAL_TIM_ErrorCallback
 .text.TIM_DMAError
                0x0000000008005fbc       0x84 ./Drivers/STM32F4xx_HAL_Driver/Src/stm32f4xx_hal_tim.o
                0x0000000008005fbc                TIM_DMAError
 .text.HAL_TIMEx_MasterConfigSynchronization
                0x0000000008006040       0x70 ./Drivers/STM32F4xx_HAL_Driver/Src/stm32f4xx_hal_tim_ex.o
                0x0000000008006040                HAL_TIMEx_MasterConfigSynchronization
 .text.HAL_TIMEx_CommutCallback
                0x00000000080060b0        0x4 ./Drivers/STM32F4xx_HAL_Driver/Src/stm32f4xx_hal_tim_ex.o
                0x00000000080060b0                HAL_TIMEx_CommutCallback
 .text.HAL_TIMEx_BreakCallback
                0x00000000080060b4        0x4 ./Drivers/STM32F4xx_HAL_Driver/Src/stm32f4xx_hal_tim_ex.o
                0x00000000080060b4                HAL_TIMEx_BreakCallback
 .text.HAL_UART_Init
                0x00000000080060b8      0x134 ./Drivers/STM32F4xx_HAL_Driver/Src/stm32f4xx_hal_uart.o
                0x00000000080060b8                HAL_UART_Init
 .text.__assert_func
                0x00000000080061ec       0x3c c:/st/stm32cubeide_1.8.0/stm32cubeide/plugins/com.st.stm32cube.ide.mcu.externaltools.gnu-tools-for-stm32.10.3-2021.10.win32_1.0.0.202111181127/tools/bin/../lib/gcc/arm-none-eabi/10.3.1/../../../../arm-none-eabi/lib/thumb/v7e-m+fp/hard\libc_nano.a(lib_a-assert.o)
                0x00000000080061ec                __assert_func
 .text.__errno  0x0000000008006228        0xc c:/st/stm32cubeide_1.8.0/stm32cubeide/plugins/com.st.stm32cube.ide.mcu.externaltools.gnu-tools-for-stm32.10.3-2021.10.win32_1.0.0.202111181127/tools/bin/../lib/gcc/arm-none-eabi/10.3.1/../../../../arm-none-eabi/lib/thumb/v7e-m+fp/hard\libc_nano.a(lib_a-errno.o)
                0x0000000008006228                __errno
 .text.fprintf  0x0000000008006234       0x24 c:/st/stm32cubeide_1.8.0/stm32cubeide/plugins/com.st.stm32cube.ide.mcu.externaltools.gnu-tools-for-stm32.10.3-2021.10.win32_1.0.0.202111181127/tools/bin/../lib/gcc/arm-none-eabi/10.3.1/../../../../arm-none-eabi/lib/thumb/v7e-m+fp/hard\libc_nano.a(lib_a-fprintf.o)
                0x0000000008006234                fiprintf
                0x0000000008006234                fprintf
 .text.__libc_init_array
                0x0000000008006258       0x48 c:/st/stm32cubeide_1.8.0/stm32cubeide/plugins/com.st.stm32cube.ide.mcu.externaltools.gnu-tools-for-stm32.10.3-2021.10.win32_1.0.0.202111181127/tools/bin/../lib/gcc/arm-none-eabi/10.3.1/../../../../arm-none-eabi/lib/thumb/v7e-m+fp/hard\libc_nano.a(lib_a-init.o)
                0x0000000008006258                __libc_init_array
 .text.memset   0x00000000080062a0       0x10 c:/st/stm32cubeide_1.8.0/stm32cubeide/plugins/com.st.stm32cube.ide.mcu.externaltools.gnu-tools-for-stm32.10.3-2021.10.win32_1.0.0.202111181127/tools/bin/../lib/gcc/arm-none-eabi/10.3.1/../../../../arm-none-eabi/lib/thumb/v7e-m+fp/hard\libc_nano.a(lib_a-memset.o)
                0x00000000080062a0                memset
 .text.__sfputc_r
                0x00000000080062b0       0x2e c:/st/stm32cubeide_1.8.0/stm32cubeide/plugins/com.st.stm32cube.ide.mcu.externaltools.gnu-tools-for-stm32.10.3-2021.10.win32_1.0.0.202111181127/tools/bin/../lib/gcc/arm-none-eabi/10.3.1/../../../../arm-none-eabi/lib/thumb/v7e-m+fp/hard\libc_nano.a(lib_a-nano-vfprintf.o)
 .text.__sfputs_r
                0x00000000080062de       0x24 c:/st/stm32cubeide_1.8.0/stm32cubeide/plugins/com.st.stm32cube.ide.mcu.externaltools.gnu-tools-for-stm32.10.3-2021.10.win32_1.0.0.202111181127/tools/bin/../lib/gcc/arm-none-eabi/10.3.1/../../../../arm-none-eabi/lib/thumb/v7e-m+fp/hard\libc_nano.a(lib_a-nano-vfprintf.o)
                0x00000000080062de                __sfputs_r
 *fill*         0x0000000008006302        0x2 
 .text._vfprintf_r
                0x0000000008006304      0x260 c:/st/stm32cubeide_1.8.0/stm32cubeide/plugins/com.st.stm32cube.ide.mcu.externaltools.gnu-tools-for-stm32.10.3-2021.10.win32_1.0.0.202111181127/tools/bin/../lib/gcc/arm-none-eabi/10.3.1/../../../../arm-none-eabi/lib/thumb/v7e-m+fp/hard\libc_nano.a(lib_a-nano-vfprintf.o)
                0x0000000008006304                _vfprintf_r
                0x0000000008006304                _vfiprintf_r
 .text._printf_common
                0x0000000008006564       0xda c:/st/stm32cubeide_1.8.0/stm32cubeide/plugins/com.st.stm32cube.ide.mcu.externaltools.gnu-tools-for-stm32.10.3-2021.10.win32_1.0.0.202111181127/tools/bin/../lib/gcc/arm-none-eabi/10.3.1/../../../../arm-none-eabi/lib/thumb/v7e-m+fp/hard\libc_nano.a(lib_a-nano-vfprintf_i.o)
                0x0000000008006564                _printf_common
 *fill*         0x000000000800663e        0x2 
 .text._printf_i
                0x0000000008006640      0x24c c:/st/stm32cubeide_1.8.0/stm32cubeide/plugins/com.st.stm32cube.ide.mcu.externaltools.gnu-tools-for-stm32.10.3-2021.10.win32_1.0.0.202111181127/tools/bin/../lib/gcc/arm-none-eabi/10.3.1/../../../../arm-none-eabi/lib/thumb/v7e-m+fp/hard\libc_nano.a(lib_a-nano-vfprintf_i.o)
                0x0000000008006640                _printf_i
 .text.__swbuf_r
                0x000000000800688c       0xa4 c:/st/stm32cubeide_1.8.0/stm32cubeide/plugins/com.st.stm32cube.ide.mcu.externaltools.gnu-tools-for-stm32.10.3-2021.10.win32_1.0.0.202111181127/tools/bin/../lib/gcc/arm-none-eabi/10.3.1/../../../../arm-none-eabi/lib/thumb/v7e-m+fp/hard\libc_nano.a(lib_a-wbuf.o)
                0x000000000800688c                __swbuf_r
 .text.__swsetup_r
                0x0000000008006930       0xdc c:/st/stm32cubeide_1.8.0/stm32cubeide/plugins/com.st.stm32cube.ide.mcu.externaltools.gnu-tools-for-stm32.10.3-2021.10.win32_1.0.0.202111181127/tools/bin/../lib/gcc/arm-none-eabi/10.3.1/../../../../arm-none-eabi/lib/thumb/v7e-m+fp/hard\libc_nano.a(lib_a-wsetup.o)
                0x0000000008006930                __swsetup_r
 .text.abort    0x0000000008006a0c        0xe c:/st/stm32cubeide_1.8.0/stm32cubeide/plugins/com.st.stm32cube.ide.mcu.externaltools.gnu-tools-for-stm32.10.3-2021.10.win32_1.0.0.202111181127/tools/bin/../lib/gcc/arm-none-eabi/10.3.1/../../../../arm-none-eabi/lib/thumb/v7e-m+fp/hard\libc_nano.a(lib_a-abort.o)
                0x0000000008006a0c                abort
 *fill*         0x0000000008006a1a        0x2 
 .text.__sflush_r
                0x0000000008006a1c      0x10c c:/st/stm32cubeide_1.8.0/stm32cubeide/plugins/com.st.stm32cube.ide.mcu.externaltools.gnu-tools-for-stm32.10.3-2021.10.win32_1.0.0.202111181127/tools/bin/../lib/gcc/arm-none-eabi/10.3.1/../../../../arm-none-eabi/lib/thumb/v7e-m+fp/hard\libc_nano.a(lib_a-fflush.o)
                0x0000000008006a1c                __sflush_r
 .text._fflush_r
                0x0000000008006b28       0x78 c:/st/stm32cubeide_1.8.0/stm32cubeide/plugins/com.st.stm32cube.ide.mcu.externaltools.gnu-tools-for-stm32.10.3-2021.10.win32_1.0.0.202111181127/tools/bin/../lib/gcc/arm-none-eabi/10.3.1/../../../../arm-none-eabi/lib/thumb/v7e-m+fp/hard\libc_nano.a(lib_a-fflush.o)
                0x0000000008006b28                _fflush_r
 .text.std      0x0000000008006ba0       0x48 c:/st/stm32cubeide_1.8.0/stm32cubeide/plugins/com.st.stm32cube.ide.mcu.externaltools.gnu-tools-for-stm32.10.3-2021.10.win32_1.0.0.202111181127/tools/bin/../lib/gcc/arm-none-eabi/10.3.1/../../../../arm-none-eabi/lib/thumb/v7e-m+fp/hard\libc_nano.a(lib_a-findfp.o)
 .text._cleanup_r
                0x0000000008006be8        0xc c:/st/stm32cubeide_1.8.0/stm32cubeide/plugins/com.st.stm32cube.ide.mcu.externaltools.gnu-tools-for-stm32.10.3-2021.10.win32_1.0.0.202111181127/tools/bin/../lib/gcc/arm-none-eabi/10.3.1/../../../../arm-none-eabi/lib/thumb/v7e-m+fp/hard\libc_nano.a(lib_a-findfp.o)
                0x0000000008006be8                _cleanup_r
 .text.__sfmoreglue
                0x0000000008006bf4       0x2c c:/st/stm32cubeide_1.8.0/stm32cubeide/plugins/com.st.stm32cube.ide.mcu.externaltools.gnu-tools-for-stm32.10.3-2021.10.win32_1.0.0.202111181127/tools/bin/../lib/gcc/arm-none-eabi/10.3.1/../../../../arm-none-eabi/lib/thumb/v7e-m+fp/hard\libc_nano.a(lib_a-findfp.o)
                0x0000000008006bf4                __sfmoreglue
 .text.__sfp_lock_acquire
                0x0000000008006c20        0xc c:/st/stm32cubeide_1.8.0/stm32cubeide/plugins/com.st.stm32cube.ide.mcu.externaltools.gnu-tools-for-stm32.10.3-2021.10.win32_1.0.0.202111181127/tools/bin/../lib/gcc/arm-none-eabi/10.3.1/../../../../arm-none-eabi/lib/thumb/v7e-m+fp/hard\libc_nano.a(lib_a-findfp.o)
                0x0000000008006c20                __sfp_lock_acquire
 .text.__sfp_lock_release
                0x0000000008006c2c        0xc c:/st/stm32cubeide_1.8.0/stm32cubeide/plugins/com.st.stm32cube.ide.mcu.externaltools.gnu-tools-for-stm32.10.3-2021.10.win32_1.0.0.202111181127/tools/bin/../lib/gcc/arm-none-eabi/10.3.1/../../../../arm-none-eabi/lib/thumb/v7e-m+fp/hard\libc_nano.a(lib_a-findfp.o)
                0x0000000008006c2c                __sfp_lock_release
 .text.__sinit_lock_acquire
                0x0000000008006c38        0xc c:/st/stm32cubeide_1.8.0/stm32cubeide/plugins/com.st.stm32cube.ide.mcu.externaltools.gnu-tools-for-stm32.10.3-2021.10.win32_1.0.0.202111181127/tools/bin/../lib/gcc/arm-none-eabi/10.3.1/../../../../arm-none-eabi/lib/thumb/v7e-m+fp/hard\libc_nano.a(lib_a-findfp.o)
                0x0000000008006c38                __sinit_lock_acquire
 .text.__sinit_lock_release
                0x0000000008006c44        0xc c:/st/stm32cubeide_1.8.0/stm32cubeide/plugins/com.st.stm32cube.ide.mcu.externaltools.gnu-tools-for-stm32.10.3-2021.10.win32_1.0.0.202111181127/tools/bin/../lib/gcc/arm-none-eabi/10.3.1/../../../../arm-none-eabi/lib/thumb/v7e-m+fp/hard\libc_nano.a(lib_a-findfp.o)
                0x0000000008006c44                __sinit_lock_release
 .text.__sinit  0x0000000008006c50       0x70 c:/st/stm32cubeide_1.8.0/stm32cubeide/plugins/com.st.stm32cube.ide.mcu.externaltools.gnu-tools-for-stm32.10.3-2021.10.win32_1.0.0.202111181127/tools/bin/../lib/gcc/arm-none-eabi/10.3.1/../../../../arm-none-eabi/lib/thumb/v7e-m+fp/hard\libc_nano.a(lib_a-findfp.o)
                0x0000000008006c50                __sinit
 .text.__sfp    0x0000000008006cc0       0x8c c:/st/stm32cubeide_1.8.0/stm32cubeide/plugins/com.st.stm32cube.ide.mcu.externaltools.gnu-tools-for-stm32.10.3-2021.10.win32_1.0.0.202111181127/tools/bin/../lib/gcc/arm-none-eabi/10.3.1/../../../../arm-none-eabi/lib/thumb/v7e-m+fp/hard\libc_nano.a(lib_a-findfp.o)
                0x0000000008006cc0                __sfp
 .text._fwalk_reent
                0x0000000008006d4c       0x3e c:/st/stm32cubeide_1.8.0/stm32cubeide/plugins/com.st.stm32cube.ide.mcu.externaltools.gnu-tools-for-stm32.10.3-2021.10.win32_1.0.0.202111181127/tools/bin/../lib/gcc/arm-none-eabi/10.3.1/../../../../arm-none-eabi/lib/thumb/v7e-m+fp/hard\libc_nano.a(lib_a-fwalk.o)
                0x0000000008006d4c                _fwalk_reent
 .text.__retarget_lock_init_recursive
                0x0000000008006d8a        0x2 c:/st/stm32cubeide_1.8.0/stm32cubeide/plugins/com.st.stm32cube.ide.mcu.externaltools.gnu-tools-for-stm32.10.3-2021.10.win32_1.0.0.202111181127/tools/bin/../lib/gcc/arm-none-eabi/10.3.1/../../../../arm-none-eabi/lib/thumb/v7e-m+fp/hard\libc_nano.a(lib_a-lock.o)
                0x0000000008006d8a                __retarget_lock_init_recursive
 .text.__retarget_lock_acquire_recursive
                0x0000000008006d8c        0x2 c:/st/stm32cubeide_1.8.0/stm32cubeide/plugins/com.st.stm32cube.ide.mcu.externaltools.gnu-tools-for-stm32.10.3-2021.10.win32_1.0.0.202111181127/tools/bin/../lib/gcc/arm-none-eabi/10.3.1/../../../../arm-none-eabi/lib/thumb/v7e-m+fp/hard\libc_nano.a(lib_a-lock.o)
                0x0000000008006d8c                __retarget_lock_acquire_recursive
 .text.__retarget_lock_release_recursive
                0x0000000008006d8e        0x2 c:/st/stm32cubeide_1.8.0/stm32cubeide/plugins/com.st.stm32cube.ide.mcu.externaltools.gnu-tools-for-stm32.10.3-2021.10.win32_1.0.0.202111181127/tools/bin/../lib/gcc/arm-none-eabi/10.3.1/../../../../arm-none-eabi/lib/thumb/v7e-m+fp/hard\libc_nano.a(lib_a-lock.o)
                0x0000000008006d8e                __retarget_lock_release_recursive
 .text.__swhatbuf_r
                0x0000000008006d90       0x4a c:/st/stm32cubeide_1.8.0/stm32cubeide/plugins/com.st.stm32cube.ide.mcu.externaltools.gnu-tools-for-stm32.10.3-2021.10.win32_1.0.0.202111181127/tools/bin/../lib/gcc/arm-none-eabi/10.3.1/../../../../arm-none-eabi/lib/thumb/v7e-m+fp/hard\libc_nano.a(lib_a-makebuf.o)
                0x0000000008006d90                __swhatbuf_r
 *fill*         0x0000000008006dda        0x2 
 .text.__smakebuf_r
                0x0000000008006ddc       0x80 c:/st/stm32cubeide_1.8.0/stm32cubeide/plugins/com.st.stm32cube.ide.mcu.externaltools.gnu-tools-for-stm32.10.3-2021.10.win32_1.0.0.202111181127/tools/bin/../lib/gcc/arm-none-eabi/10.3.1/../../../../arm-none-eabi/lib/thumb/v7e-m+fp/hard\libc_nano.a(lib_a-makebuf.o)
                0x0000000008006ddc                __smakebuf_r
 .text._free_r  0x0000000008006e5c       0x98 c:/st/stm32cubeide_1.8.0/stm32cubeide/plugins/com.st.stm32cube.ide.mcu.externaltools.gnu-tools-for-stm32.10.3-2021.10.win32_1.0.0.202111181127/tools/bin/../lib/gcc/arm-none-eabi/10.3.1/../../../../arm-none-eabi/lib/thumb/v7e-m+fp/hard\libc_nano.a(lib_a-nano-freer.o)
                0x0000000008006e5c                _free_r
 .text.sbrk_aligned
                0x0000000008006ef4       0x40 c:/st/stm32cubeide_1.8.0/stm32cubeide/plugins/com.st.stm32cube.ide.mcu.externaltools.gnu-tools-for-stm32.10.3-2021.10.win32_1.0.0.202111181127/tools/bin/../lib/gcc/arm-none-eabi/10.3.1/../../../../arm-none-eabi/lib/thumb/v7e-m+fp/hard\libc_nano.a(lib_a-nano-mallocr.o)
 .text._malloc_r
                0x0000000008006f34       0xe8 c:/st/stm32cubeide_1.8.0/stm32cubeide/plugins/com.st.stm32cube.ide.mcu.externaltools.gnu-tools-for-stm32.10.3-2021.10.win32_1.0.0.202111181127/tools/bin/../lib/gcc/arm-none-eabi/10.3.1/../../../../arm-none-eabi/lib/thumb/v7e-m+fp/hard\libc_nano.a(lib_a-nano-mallocr.o)
                0x0000000008006f34                _malloc_r
 .text._sbrk_r  0x000000000800701c       0x20 c:/st/stm32cubeide_1.8.0/stm32cubeide/plugins/com.st.stm32cube.ide.mcu.externaltools.gnu-tools-for-stm32.10.3-2021.10.win32_1.0.0.202111181127/tools/bin/../lib/gcc/arm-none-eabi/10.3.1/../../../../arm-none-eabi/lib/thumb/v7e-m+fp/hard\libc_nano.a(lib_a-sbrkr.o)
                0x000000000800701c                _sbrk_r
 .text._raise_r
                0x000000000800703c       0x50 c:/st/stm32cubeide_1.8.0/stm32cubeide/plugins/com.st.stm32cube.ide.mcu.externaltools.gnu-tools-for-stm32.10.3-2021.10.win32_1.0.0.202111181127/tools/bin/../lib/gcc/arm-none-eabi/10.3.1/../../../../arm-none-eabi/lib/thumb/v7e-m+fp/hard\libc_nano.a(lib_a-signal.o)
                0x000000000800703c                _raise_r
 .text.raise    0x000000000800708c       0x10 c:/st/stm32cubeide_1.8.0/stm32cubeide/plugins/com.st.stm32cube.ide.mcu.externaltools.gnu-tools-for-stm32.10.3-2021.10.win32_1.0.0.202111181127/tools/bin/../lib/gcc/arm-none-eabi/10.3.1/../../../../arm-none-eabi/lib/thumb/v7e-m+fp/hard\libc_nano.a(lib_a-signal.o)
                0x000000000800708c                raise
 .text._kill_r  0x000000000800709c       0x24 c:/st/stm32cubeide_1.8.0/stm32cubeide/plugins/com.st.stm32cube.ide.mcu.externaltools.gnu-tools-for-stm32.10.3-2021.10.win32_1.0.0.202111181127/tools/bin/../lib/gcc/arm-none-eabi/10.3.1/../../../../arm-none-eabi/lib/thumb/v7e-m+fp/hard\libc_nano.a(lib_a-signalr.o)
                0x000000000800709c                _kill_r
 .text._getpid_r
                0x00000000080070c0        0x4 c:/st/stm32cubeide_1.8.0/stm32cubeide/plugins/com.st.stm32cube.ide.mcu.externaltools.gnu-tools-for-stm32.10.3-2021.10.win32_1.0.0.202111181127/tools/bin/../lib/gcc/arm-none-eabi/10.3.1/../../../../arm-none-eabi/lib/thumb/v7e-m+fp/hard\libc_nano.a(lib_a-signalr.o)
                0x00000000080070c0                _getpid_r
 .text.__sread  0x00000000080070c4       0x22 c:/st/stm32cubeide_1.8.0/stm32cubeide/plugins/com.st.stm32cube.ide.mcu.externaltools.gnu-tools-for-stm32.10.3-2021.10.win32_1.0.0.202111181127/tools/bin/../lib/gcc/arm-none-eabi/10.3.1/../../../../arm-none-eabi/lib/thumb/v7e-m+fp/hard\libc_nano.a(lib_a-stdio.o)
                0x00000000080070c4                __sread
 .text.__swrite
                0x00000000080070e6       0x38 c:/st/stm32cubeide_1.8.0/stm32cubeide/plugins/com.st.stm32cube.ide.mcu.externaltools.gnu-tools-for-stm32.10.3-2021.10.win32_1.0.0.202111181127/tools/bin/../lib/gcc/arm-none-eabi/10.3.1/../../../../arm-none-eabi/lib/thumb/v7e-m+fp/hard\libc_nano.a(lib_a-stdio.o)
                0x00000000080070e6                __swrite
 .text.__sseek  0x000000000800711e       0x24 c:/st/stm32cubeide_1.8.0/stm32cubeide/plugins/com.st.stm32cube.ide.mcu.externaltools.gnu-tools-for-stm32.10.3-2021.10.win32_1.0.0.202111181127/tools/bin/../lib/gcc/arm-none-eabi/10.3.1/../../../../arm-none-eabi/lib/thumb/v7e-m+fp/hard\libc_nano.a(lib_a-stdio.o)
                0x000000000800711e                __sseek
 .text.__sclose
                0x0000000008007142        0x8 c:/st/stm32cubeide_1.8.0/stm32cubeide/plugins/com.st.stm32cube.ide.mcu.externaltools.gnu-tools-for-stm32.10.3-2021.10.win32_1.0.0.202111181127/tools/bin/../lib/gcc/arm-none-eabi/10.3.1/../../../../arm-none-eabi/lib/thumb/v7e-m+fp/hard\libc_nano.a(lib_a-stdio.o)
                0x0000000008007142                __sclose
 *fill*         0x000000000800714a        0x2 
 .text._write_r
                0x000000000800714c       0x24 c:/st/stm32cubeide_1.8.0/stm32cubeide/plugins/com.st.stm32cube.ide.mcu.externaltools.gnu-tools-for-stm32.10.3-2021.10.win32_1.0.0.202111181127/tools/bin/../lib/gcc/arm-none-eabi/10.3.1/../../../../arm-none-eabi/lib/thumb/v7e-m+fp/hard\libc_nano.a(lib_a-writer.o)
                0x000000000800714c                _write_r
 .text._close_r
                0x0000000008007170       0x20 c:/st/stm32cubeide_1.8.0/stm32cubeide/plugins/com.st.stm32cube.ide.mcu.externaltools.gnu-tools-for-stm32.10.3-2021.10.win32_1.0.0.202111181127/tools/bin/../lib/gcc/arm-none-eabi/10.3.1/../../../../arm-none-eabi/lib/thumb/v7e-m+fp/hard\libc_nano.a(lib_a-closer.o)
                0x0000000008007170                _close_r
 .text._fstat_r
                0x0000000008007190       0x24 c:/st/stm32cubeide_1.8.0/stm32cubeide/plugins/com.st.stm32cube.ide.mcu.externaltools.gnu-tools-for-stm32.10.3-2021.10.win32_1.0.0.202111181127/tools/bin/../lib/gcc/arm-none-eabi/10.3.1/../../../../arm-none-eabi/lib/thumb/v7e-m+fp/hard\libc_nano.a(lib_a-fstatr.o)
                0x0000000008007190                _fstat_r
 .text._isatty_r
                0x00000000080071b4       0x20 c:/st/stm32cubeide_1.8.0/stm32cubeide/plugins/com.st.stm32cube.ide.mcu.externaltools.gnu-tools-for-stm32.10.3-2021.10.win32_1.0.0.202111181127/tools/bin/../lib/gcc/arm-none-eabi/10.3.1/../../../../arm-none-eabi/lib/thumb/v7e-m+fp/hard\libc_nano.a(lib_a-isattyr.o)
                0x00000000080071b4                _isatty_r
 .text._lseek_r
                0x00000000080071d4       0x24 c:/st/stm32cubeide_1.8.0/stm32cubeide/plugins/com.st.stm32cube.ide.mcu.externaltools.gnu-tools-for-stm32.10.3-2021.10.win32_1.0.0.202111181127/tools/bin/../lib/gcc/arm-none-eabi/10.3.1/../../../../arm-none-eabi/lib/thumb/v7e-m+fp/hard\libc_nano.a(lib_a-lseekr.o)
                0x00000000080071d4                _lseek_r
 .text.__malloc_lock
                0x00000000080071f8        0xc c:/st/stm32cubeide_1.8.0/stm32cubeide/plugins/com.st.stm32cube.ide.mcu.externaltools.gnu-tools-for-stm32.10.3-2021.10.win32_1.0.0.202111181127/tools/bin/../lib/gcc/arm-none-eabi/10.3.1/../../../../arm-none-eabi/lib/thumb/v7e-m+fp/hard\libc_nano.a(lib_a-mlock.o)
                0x00000000080071f8                __malloc_lock
 .text.__malloc_unlock
                0x0000000008007204        0xc c:/st/stm32cubeide_1.8.0/stm32cubeide/plugins/com.st.stm32cube.ide.mcu.externaltools.gnu-tools-for-stm32.10.3-2021.10.win32_1.0.0.202111181127/tools/bin/../lib/gcc/arm-none-eabi/10.3.1/../../../../arm-none-eabi/lib/thumb/v7e-m+fp/hard\libc_nano.a(lib_a-mlock.o)
                0x0000000008007204                __malloc_unlock
 .text._read_r  0x0000000008007210       0x24 c:/st/stm32cubeide_1.8.0/stm32cubeide/plugins/com.st.stm32cube.ide.mcu.externaltools.gnu-tools-for-stm32.10.3-2021.10.win32_1.0.0.202111181127/tools/bin/../lib/gcc/arm-none-eabi/10.3.1/../../../../arm-none-eabi/lib/thumb/v7e-m+fp/hard\libc_nano.a(lib_a-readr.o)
                0x0000000008007210                _read_r
 *(.glue_7)
 .glue_7        0x0000000008007234        0x0 linker stubs
 *(.glue_7t)
 .glue_7t       0x0000000008007234        0x0 linker stubs
 *(.eh_frame)
 .eh_frame      0x0000000008007234        0x0 c:/st/stm32cubeide_1.8.0/stm32cubeide/plugins/com.st.stm32cube.ide.mcu.externaltools.gnu-tools-for-stm32.10.3-2021.10.win32_1.0.0.202111181127/tools/bin/../lib/gcc/arm-none-eabi/10.3.1/thumb/v7e-m+fp/hard/crtbegin.o
 *(.init)
 .init          0x0000000008007234        0x4 c:/st/stm32cubeide_1.8.0/stm32cubeide/plugins/com.st.stm32cube.ide.mcu.externaltools.gnu-tools-for-stm32.10.3-2021.10.win32_1.0.0.202111181127/tools/bin/../lib/gcc/arm-none-eabi/10.3.1/thumb/v7e-m+fp/hard/crti.o
                0x0000000008007234                _init
 .init          0x0000000008007238        0x8 c:/st/stm32cubeide_1.8.0/stm32cubeide/plugins/com.st.stm32cube.ide.mcu.externaltools.gnu-tools-for-stm32.10.3-2021.10.win32_1.0.0.202111181127/tools/bin/../lib/gcc/arm-none-eabi/10.3.1/thumb/v7e-m+fp/hard/crtn.o
 *(.fini)
 .fini          0x0000000008007240        0x4 c:/st/stm32cubeide_1.8.0/stm32cubeide/plugins/com.st.stm32cube.ide.mcu.externaltools.gnu-tools-for-stm32.10.3-2021.10.win32_1.0.0.202111181127/tools/bin/../lib/gcc/arm-none-eabi/10.3.1/thumb/v7e-m+fp/hard/crti.o
                0x0000000008007240                _fini
 .fini          0x0000000008007244        0x8 c:/st/stm32cubeide_1.8.0/stm32cubeide/plugins/com.st.stm32cube.ide.mcu.externaltools.gnu-tools-for-stm32.10.3-2021.10.win32_1.0.0.202111181127/tools/bin/../lib/gcc/arm-none-eabi/10.3.1/thumb/v7e-m+fp/hard/crtn.o
                0x000000000800724c                . = ALIGN (0x4)
                0x000000000800724c                _etext = .

.vfp11_veneer   0x000000000800724c        0x0
 .vfp11_veneer  0x000000000800724c        0x0 linker stubs

.v4_bx          0x000000000800724c        0x0
 .v4_bx         0x000000000800724c        0x0 linker stubs

.iplt           0x000000000800724c        0x0
 .iplt          0x000000000800724c        0x0 c:/st/stm32cubeide_1.8.0/stm32cubeide/plugins/com.st.stm32cube.ide.mcu.externaltools.gnu-tools-for-stm32.10.3-2021.10.win32_1.0.0.202111181127/tools/bin/../lib/gcc/arm-none-eabi/10.3.1/thumb/v7e-m+fp/hard/crtbegin.o

.rodata         0x000000000800724c      0x620
                0x000000000800724c                . = ALIGN (0x4)
 *(.rodata)
 *(.rodata*)
 .rodata._ZN5Eigen16CommaInitializerINS_6MatrixIfLi3ELi1ELi0ELi3ELi1EEEE8finishedEv.isra.0.str1.4
                0x000000000800724c      0x14d ./Core/Src/main.o
 *fill*         0x0000000008007399        0x3 
 .rodata._ZN5Eigen16CommaInitializerINS_6MatrixIfLi3ELi3ELi0ELi3ELi3EEEE8finishedEv.isra.0.str1.4
                0x000000000800739c       0x65 ./Core/Src/main.o
 *fill*         0x0000000008007401        0x3 
 .rodata._ZN5Eigen16CommaInitializerINS_6MatrixIfLi3ELi3ELi0ELi3ELi3EEEEcmERKf.str1.4
                0x0000000008007404      0x182 ./Core/Src/main.o
 *fill*         0x0000000008007586        0x2 
 .rodata._ZN5Eigen16CommaInitializerINS_6MatrixIfLi3ELi1ELi0ELi3ELi1EEEEcmERKf.str1.4
                0x0000000008007588       0xc4 ./Core/Src/main.o
 .rodata._ZN5Eigen16CommaInitializerINS_6MatrixIfLi1ELi3ELi1ELi1ELi3EEEEcmERKf.str1.4
                0x000000000800764c       0xc4 ./Core/Src/main.o
 .rodata.main.str1.4
                0x0000000008007710       0x65 ./Core/Src/main.o
 *fill*         0x0000000008007775        0x3 
 .rodata.AHBPrescTable
                0x0000000008007778       0x10 ./Core/Src/system_stm32f4xx.o
                0x0000000008007778                AHBPrescTable
 .rodata.APBPrescTable
                0x0000000008007788        0x8 ./Core/Src/system_stm32f4xx.o
                0x0000000008007788                APBPrescTable
 .rodata.flagBitshiftOffset.0
                0x0000000008007790        0x8 ./Drivers/STM32F4xx_HAL_Driver/Src/stm32f4xx_hal_dma.o
 .rodata.__assert_func.str1.1
                0x0000000008007798       0x3c c:/st/stm32cubeide_1.8.0/stm32cubeide/plugins/com.st.stm32cube.ide.mcu.externaltools.gnu-tools-for-stm32.10.3-2021.10.win32_1.0.0.202111181127/tools/bin/../lib/gcc/arm-none-eabi/10.3.1/../../../../arm-none-eabi/lib/thumb/v7e-m+fp/hard\libc_nano.a(lib_a-assert.o)
                                         0x3d (size before relaxing)
 .rodata._global_impure_ptr
                0x00000000080077d4        0x4 c:/st/stm32cubeide_1.8.0/stm32cubeide/plugins/com.st.stm32cube.ide.mcu.externaltools.gnu-tools-for-stm32.10.3-2021.10.win32_1.0.0.202111181127/tools/bin/../lib/gcc/arm-none-eabi/10.3.1/../../../../arm-none-eabi/lib/thumb/v7e-m+fp/hard\libc_nano.a(lib_a-impure.o)
                0x00000000080077d4                _global_impure_ptr
 .rodata._vfprintf_r.str1.1
                0x00000000080077d8       0x11 c:/st/stm32cubeide_1.8.0/stm32cubeide/plugins/com.st.stm32cube.ide.mcu.externaltools.gnu-tools-for-stm32.10.3-2021.10.win32_1.0.0.202111181127/tools/bin/../lib/gcc/arm-none-eabi/10.3.1/../../../../arm-none-eabi/lib/thumb/v7e-m+fp/hard\libc_nano.a(lib_a-nano-vfprintf.o)
 .rodata._printf_i.str1.1
                0x00000000080077e9       0x22 c:/st/stm32cubeide_1.8.0/stm32cubeide/plugins/com.st.stm32cube.ide.mcu.externaltools.gnu-tools-for-stm32.10.3-2021.10.win32_1.0.0.202111181127/tools/bin/../lib/gcc/arm-none-eabi/10.3.1/../../../../arm-none-eabi/lib/thumb/v7e-m+fp/hard\libc_nano.a(lib_a-nano-vfprintf_i.o)
 *fill*         0x000000000800780b        0x1 
 .rodata.__sf_fake_stderr
                0x000000000800780c       0x20 c:/st/stm32cubeide_1.8.0/stm32cubeide/plugins/com.st.stm32cube.ide.mcu.externaltools.gnu-tools-for-stm32.10.3-2021.10.win32_1.0.0.202111181127/tools/bin/../lib/gcc/arm-none-eabi/10.3.1/../../../../arm-none-eabi/lib/thumb/v7e-m+fp/hard\libc_nano.a(lib_a-findfp.o)
                0x000000000800780c                __sf_fake_stderr
 .rodata.__sf_fake_stdin
                0x000000000800782c       0x20 c:/st/stm32cubeide_1.8.0/stm32cubeide/plugins/com.st.stm32cube.ide.mcu.externaltools.gnu-tools-for-stm32.10.3-2021.10.win32_1.0.0.202111181127/tools/bin/../lib/gcc/arm-none-eabi/10.3.1/../../../../arm-none-eabi/lib/thumb/v7e-m+fp/hard\libc_nano.a(lib_a-findfp.o)
                0x000000000800782c                __sf_fake_stdin
 .rodata.__sf_fake_stdout
                0x000000000800784c       0x20 c:/st/stm32cubeide_1.8.0/stm32cubeide/plugins/com.st.stm32cube.ide.mcu.externaltools.gnu-tools-for-stm32.10.3-2021.10.win32_1.0.0.202111181127/tools/bin/../lib/gcc/arm-none-eabi/10.3.1/../../../../arm-none-eabi/lib/thumb/v7e-m+fp/hard\libc_nano.a(lib_a-findfp.o)
                0x000000000800784c                __sf_fake_stdout
                0x000000000800786c                . = ALIGN (0x4)

.ARM.extab      0x000000000800786c        0x0
                0x000000000800786c                . = ALIGN (0x4)
 *(.ARM.extab* .gnu.linkonce.armextab.*)
                0x000000000800786c                . = ALIGN (0x4)

.ARM            0x000000000800786c        0x8
                0x000000000800786c                . = ALIGN (0x4)
                0x000000000800786c                __exidx_start = .
 *(.ARM.exidx*)
 .ARM.exidx     0x000000000800786c        0x8 c:/st/stm32cubeide_1.8.0/stm32cubeide/plugins/com.st.stm32cube.ide.mcu.externaltools.gnu-tools-for-stm32.10.3-2021.10.win32_1.0.0.202111181127/tools/bin/../lib/gcc/arm-none-eabi/10.3.1/thumb/v7e-m+fp/hard\libgcc.a(_udivmoddi4.o)
                0x0000000008007874                __exidx_end = .
                0x0000000008007874                . = ALIGN (0x4)

.rel.dyn        0x0000000008007874        0x0
 .rel.iplt      0x0000000008007874        0x0 c:/st/stm32cubeide_1.8.0/stm32cubeide/plugins/com.st.stm32cube.ide.mcu.externaltools.gnu-tools-for-stm32.10.3-2021.10.win32_1.0.0.202111181127/tools/bin/../lib/gcc/arm-none-eabi/10.3.1/thumb/v7e-m+fp/hard/crtbegin.o

.preinit_array  0x0000000008007874        0x0
                0x0000000008007874                . = ALIGN (0x4)
                0x0000000008007874                PROVIDE (__preinit_array_start = .)
 *(.preinit_array*)
                0x0000000008007874                PROVIDE (__preinit_array_end = .)
                0x0000000008007874                . = ALIGN (0x4)

.init_array     0x0000000008007874        0x4
                0x0000000008007874                . = ALIGN (0x4)
                0x0000000008007874                PROVIDE (__init_array_start = .)
 *(SORT_BY_NAME(.init_array.*))
 *(.init_array*)
 .init_array    0x0000000008007874        0x4 c:/st/stm32cubeide_1.8.0/stm32cubeide/plugins/com.st.stm32cube.ide.mcu.externaltools.gnu-tools-for-stm32.10.3-2021.10.win32_1.0.0.202111181127/tools/bin/../lib/gcc/arm-none-eabi/10.3.1/thumb/v7e-m+fp/hard/crtbegin.o
                0x0000000008007878                PROVIDE (__init_array_end = .)
                0x0000000008007878                . = ALIGN (0x4)

.fini_array     0x0000000008007878        0x4
                0x0000000008007878                . = ALIGN (0x4)
                [!provide]                        PROVIDE (__fini_array_start = .)
 *(SORT_BY_NAME(.fini_array.*))
 *(.fini_array*)
 .fini_array    0x0000000008007878        0x4 c:/st/stm32cubeide_1.8.0/stm32cubeide/plugins/com.st.stm32cube.ide.mcu.externaltools.gnu-tools-for-stm32.10.3-2021.10.win32_1.0.0.202111181127/tools/bin/../lib/gcc/arm-none-eabi/10.3.1/thumb/v7e-m+fp/hard/crtbegin.o
                [!provide]                        PROVIDE (__fini_array_end = .)
                0x000000000800787c                . = ALIGN (0x4)
                0x000000000800787c                _sidata = LOADADDR (.data)

.data           0x0000000020000000       0x9c load address 0x000000000800787c
                0x0000000020000000                . = ALIGN (0x4)
                0x0000000020000000                _sdata = .
 *(.data)
 *(.data*)
 .data.K_I_V    0x0000000020000000        0x4 ./Core/Src/main.o
                0x0000000020000000                K_I_V
 .data.K_P_V    0x0000000020000004        0x4 ./Core/Src/main.o
                0x0000000020000004                K_P_V
 .data.P_max    0x0000000020000008        0x4 ./Core/Src/main.o
                0x0000000020000008                P_max
 .data.Q1       0x000000002000000c        0x4 ./Core/Src/main.o
                0x000000002000000c                Q1
 .data._ZZ14IOExpenderInitvE7Setting
                0x0000000020000010       0x16 ./Core/Src/main.o
 *fill*         0x0000000020000026        0x2 
 .data.e        0x0000000020000028        0x4 ./Core/Src/main.o
                0x0000000020000028                e
 .data.SystemCoreClock
                0x000000002000002c        0x4 ./Core/Src/system_stm32f4xx.o
                0x000000002000002c                SystemCoreClock
 .data.uwTickFreq
                0x0000000020000030        0x1 ./Drivers/STM32F4xx_HAL_Driver/Src/stm32f4xx_hal.o
                0x0000000020000030                uwTickFreq
 *fill*         0x0000000020000031        0x3 
 .data.uwTickPrio
                0x0000000020000034        0x4 ./Drivers/STM32F4xx_HAL_Driver/Src/stm32f4xx_hal.o
                0x0000000020000034                uwTickPrio
 .data._impure_ptr
                0x0000000020000038        0x4 c:/st/stm32cubeide_1.8.0/stm32cubeide/plugins/com.st.stm32cube.ide.mcu.externaltools.gnu-tools-for-stm32.10.3-2021.10.win32_1.0.0.202111181127/tools/bin/../lib/gcc/arm-none-eabi/10.3.1/../../../../arm-none-eabi/lib/thumb/v7e-m+fp/hard\libc_nano.a(lib_a-impure.o)
                0x0000000020000038                _impure_ptr
 .data.impure_data
                0x000000002000003c       0x60 c:/st/stm32cubeide_1.8.0/stm32cubeide/plugins/com.st.stm32cube.ide.mcu.externaltools.gnu-tools-for-stm32.10.3-2021.10.win32_1.0.0.202111181127/tools/bin/../lib/gcc/arm-none-eabi/10.3.1/../../../../arm-none-eabi/lib/thumb/v7e-m+fp/hard\libc_nano.a(lib_a-impure.o)
 *(.RamFunc)
 *(.RamFunc*)
                0x000000002000009c                . = ALIGN (0x4)
                0x000000002000009c                _edata = .

.igot.plt       0x000000002000009c        0x0 load address 0x0000000008007918
 .igot.plt      0x000000002000009c        0x0 c:/st/stm32cubeide_1.8.0/stm32cubeide/plugins/com.st.stm32cube.ide.mcu.externaltools.gnu-tools-for-stm32.10.3-2021.10.win32_1.0.0.202111181127/tools/bin/../lib/gcc/arm-none-eabi/10.3.1/thumb/v7e-m+fp/hard/crtbegin.o
                0x000000002000009c                . = ALIGN (0x4)

.bss            0x00000000200000a0      0x43c load address 0x0000000008007918
                0x00000000200000a0                _sbss = .
                0x00000000200000a0                __bss_start__ = _sbss
 *(.bss)
 .bss           0x00000000200000a0       0x1c c:/st/stm32cubeide_1.8.0/stm32cubeide/plugins/com.st.stm32cube.ide.mcu.externaltools.gnu-tools-for-stm32.10.3-2021.10.win32_1.0.0.202111181127/tools/bin/../lib/gcc/arm-none-eabi/10.3.1/thumb/v7e-m+fp/hard/crtbegin.o
 *(.bss*)
 .bss.A         0x00000000200000bc       0x24 ./Core/Src/main.o
                0x00000000200000bc                A
 .bss.Acceleration
                0x00000000200000e0        0x4 ./Core/Src/main.o
                0x00000000200000e0                Acceleration
 .bss.B         0x00000000200000e4        0xc ./Core/Src/main.o
                0x00000000200000e4                B
 .bss.BinPosXI  0x00000000200000f0        0x2 ./Core/Src/main.o
                0x00000000200000f0                BinPosXI
 *fill*         0x00000000200000f2        0x2 
 .bss.C         0x00000000200000f4        0xc ./Core/Src/main.o
                0x00000000200000f4                C
 .bss.CurrentEn
                0x0000000020000100        0x4 ./Core/Src/main.o
                0x0000000020000100                CurrentEn
 .bss.Currentpos
                0x0000000020000104        0x4 ./Core/Src/main.o
                0x0000000020000104                Currentpos
 .bss.D         0x0000000020000108        0x4 ./Core/Src/main.o
                0x0000000020000108                D
 .bss.Derivate  0x000000002000010c        0x4 ./Core/Src/main.o
                0x000000002000010c                Derivate
 .bss.Distance  0x0000000020000110        0x4 ./Core/Src/main.o
                0x0000000020000110                Distance
 .bss.ErrPos    0x0000000020000114        0x8 ./Core/Src/main.o
                0x0000000020000114                ErrPos
 .bss.ErrVelo   0x000000002000011c        0xc ./Core/Src/main.o
                0x000000002000011c                ErrVelo
 .bss.Finalposition
                0x0000000020000128        0x4 ./Core/Src/main.o
                0x0000000020000128                Finalposition
 .bss.G         0x000000002000012c        0xc ./Core/Src/main.o
                0x000000002000012c                G
 .bss.GrayCBitXI
                0x0000000020000138        0x2 ./Core/Src/main.o
                0x0000000020000138                GrayCBitXI
 *fill*         0x000000002000013a        0x2 
 .bss.I         0x000000002000013c       0x24 ./Core/Src/main.o
                0x000000002000013c                I
 .bss.Integral  0x0000000020000160        0x4 ./Core/Src/main.o
                0x0000000020000160                Integral
 .bss.K         0x0000000020000164        0xc ./Core/Src/main.o
                0x0000000020000164                K
 .bss.K_D       0x0000000020000170        0x4 ./Core/Src/main.o
                0x0000000020000170                K_D
 .bss.K_I       0x0000000020000174        0x4 ./Core/Src/main.o
                0x0000000020000174                K_I
 .bss.K_P       0x0000000020000178        0x4 ./Core/Src/main.o
                0x0000000020000178                K_P
 .bss.KalA      0x000000002000017c        0x4 ./Core/Src/main.o
                0x000000002000017c                KalA
 .bss.KalP      0x0000000020000180        0x4 ./Core/Src/main.o
                0x0000000020000180                KalP
 .bss.KalV      0x0000000020000184        0x4 ./Core/Src/main.o
                0x0000000020000184                KalV
 .bss.O         0x0000000020000188       0x24 ./Core/Src/main.o
                0x0000000020000188                O
 .bss.OutAcceleration
                0x00000000200001ac        0x4 ./Core/Src/main.o
                0x00000000200001ac                OutAcceleration
 .bss.OutPosition
                0x00000000200001b0        0x4 ./Core/Src/main.o
                0x00000000200001b0                OutPosition
 .bss.OutUnwrap
                0x00000000200001b4        0x4 ./Core/Src/main.o
                0x00000000200001b4                OutUnwrap
 .bss.OutVelocity
                0x00000000200001b8        0x4 ./Core/Src/main.o
                0x00000000200001b8                OutVelocity
 .bss.P         0x00000000200001bc       0x24 ./Core/Src/main.o
                0x00000000200001bc                P
 .bss.P0        0x00000000200001e0        0x4 ./Core/Src/main.o
                0x00000000200001e0                P0
 .bss.PWMOut    0x00000000200001e4        0x2 ./Core/Src/main.o
                0x00000000200001e4                PWMOut
 *fill*         0x00000000200001e6        0x2 
 .bss.P_0       0x00000000200001e8        0x4 ./Core/Src/main.o
                0x00000000200001e8                P_0
 .bss.P_n       0x00000000200001ec        0x4 ./Core/Src/main.o
                0x00000000200001ec                P_n
 .bss.Pn        0x00000000200001f0        0x4 ./Core/Src/main.o
                0x00000000200001f0                Pn
 .bss.Propo     0x00000000200001f4        0x4 ./Core/Src/main.o
                0x00000000200001f4                Propo
 .bss.Q         0x00000000200001f8       0x24 ./Core/Src/main.o
                0x00000000200001f8                Q
 .bss.R         0x000000002000021c        0x4 ./Core/Src/main.o
                0x000000002000021c                R
 .bss.RawEnBitAB
                0x0000000020000220        0x2 ./Core/Src/main.o
                0x0000000020000220                RawEnBitAB
 *fill*         0x0000000020000222        0x2 
 .bss.SumAll    0x0000000020000224        0x4 ./Core/Src/main.o
                0x0000000020000224                SumAll
 .bss.Tb        0x0000000020000228        0x4 ./Core/Src/main.o
                0x0000000020000228                Tb
 .bss.TimeDrive
                0x000000002000022c        0x4 ./Core/Src/main.o
                0x000000002000022c                TimeDrive
 .bss.TimeStampGrand
                0x0000000020000230        0x4 ./Core/Src/main.o
                0x0000000020000230                TimeStampGrand
 .bss.TimeStampKalman
                0x0000000020000234        0x4 ./Core/Src/main.o
                0x0000000020000234                TimeStampKalman
 .bss.TimeStampPID_P
                0x0000000020000238        0x4 ./Core/Src/main.o
                0x0000000020000238                TimeStampPID_P
 .bss.TimeStampPID_V
                0x000000002000023c        0x4 ./Core/Src/main.o
                0x000000002000023c                TimeStampPID_V
 .bss.TimeStampTraject
                0x0000000020000240        0x4 ./Core/Src/main.o
                0x0000000020000240                TimeStampTraject
 .bss.TimeUnwrap
                0x0000000020000244        0x4 ./Core/Src/main.o
                0x0000000020000244                TimeUnwrap
 .bss.TimeinS   0x0000000020000248        0x4 ./Core/Src/main.o
                0x0000000020000248                TimeinS
 .bss.Velocity  0x000000002000024c        0x4 ./Core/Src/main.o
                0x000000002000024c                Velocity
 .bss.X         0x0000000020000250        0xc ./Core/Src/main.o
                0x0000000020000250                X
 .bss.X1        0x000000002000025c        0xc ./Core/Src/main.o
                0x000000002000025c                X1
 .bss.Z         0x0000000020000268        0x4 ./Core/Src/main.o
                0x0000000020000268                Z
 .bss._ZL10grandState
                0x000000002000026c        0x1 ./Core/Src/main.o
 *fill*         0x000000002000026d        0x3 
 .bss._micros   0x0000000020000270        0x8 ./Core/Src/main.o
                0x0000000020000270                _micros
 .bss.bluecounter
                0x0000000020000278        0x1 ./Core/Src/main.o
                0x0000000020000278                bluecounter
 *fill*         0x0000000020000279        0x3 
 .bss.capturedata
                0x000000002000027c       0x40 ./Core/Src/main.o
                0x000000002000027c                capturedata
 .bss.ch        0x00000000200002bc        0x1 ./Core/Src/main.o
                0x00000000200002bc                ch
 .bss.check     0x00000000200002bd        0x1 ./Core/Src/main.o
                0x00000000200002bd                check
 .bss.counter_e
                0x00000000200002be        0x1 ./Core/Src/main.o
                0x00000000200002be                counter_e
 *fill*         0x00000000200002bf        0x1 
 .bss.flagNewpos
                0x00000000200002c0        0x4 ./Core/Src/main.o
                0x00000000200002c0                flagNewpos
 .bss.flag_absenc
                0x00000000200002c4        0x1 ./Core/Src/main.o
                0x00000000200002c4                flag_absenc
 *fill*         0x00000000200002c5        0x3 
 .bss.hdma_tim2_ch1
                0x00000000200002c8       0x60 ./Core/Src/main.o
                0x00000000200002c8                hdma_tim2_ch1
 .bss.hi2c1     0x0000000020000328       0x54 ./Core/Src/main.o
                0x0000000020000328                hi2c1
 .bss.htim11    0x000000002000037c       0x48 ./Core/Src/main.o
                0x000000002000037c                htim11
 .bss.htim2     0x00000000200003c4       0x48 ./Core/Src/main.o
                0x00000000200003c4                htim2
 .bss.htim4     0x000000002000040c       0x48 ./Core/Src/main.o
                0x000000002000040c                htim4
 .bss.huart2    0x0000000020000454       0x44 ./Core/Src/main.o
                0x0000000020000454                huart2
 .bss.mot_dirctn
                0x0000000020000498        0x1 ./Core/Src/main.o
                0x0000000020000498                mot_dirctn
 .bss.pwr_sense
                0x0000000020000499        0x1 ./Core/Src/main.o
                0x0000000020000499                pwr_sense
 *fill*         0x000000002000049a        0x6 
 .bss.runtime   0x00000000200004a0        0x8 ./Core/Src/main.o
                0x00000000200004a0                runtime
 .bss.stop_sense
                0x00000000200004a8        0x1 ./Core/Src/main.o
                0x00000000200004a8                stop_sense
 *fill*         0x00000000200004a9        0x3 
 .bss.sumError  0x00000000200004ac        0x4 ./Core/Src/main.o
                0x00000000200004ac                sumError
 .bss.timeFinal
                0x00000000200004b0        0x4 ./Core/Src/main.o
                0x00000000200004b0                timeFinal
 .bss.timeStampSR
                0x00000000200004b4        0x4 ./Core/Src/main.o
                0x00000000200004b4                timeStampSR
 .bss.timestampPWM
                0x00000000200004b8        0x4 ./Core/Src/main.o
                0x00000000200004b8                timestampPWM
 .bss.u_contr   0x00000000200004bc        0x4 ./Core/Src/main.o
                0x00000000200004bc                u_contr
 .bss.ufromposit
                0x00000000200004c0        0x4 ./Core/Src/main.o
                0x00000000200004c0                ufromposit
 .bss.__sbrk_heap_end
                0x00000000200004c4        0x4 ./Core/Src/sysmem.o
 .bss.uwTick    0x00000000200004c8        0x4 ./Drivers/STM32F4xx_HAL_Driver/Src/stm32f4xx_hal.o
                0x00000000200004c8                uwTick
 .bss.__lock___malloc_recursive_mutex
                0x00000000200004cc        0x1 c:/st/stm32cubeide_1.8.0/stm32cubeide/plugins/com.st.stm32cube.ide.mcu.externaltools.gnu-tools-for-stm32.10.3-2021.10.win32_1.0.0.202111181127/tools/bin/../lib/gcc/arm-none-eabi/10.3.1/../../../../arm-none-eabi/lib/thumb/v7e-m+fp/hard\libc_nano.a(lib_a-lock.o)
                0x00000000200004cc                __lock___malloc_recursive_mutex
 .bss.__lock___sfp_recursive_mutex
                0x00000000200004cd        0x1 c:/st/stm32cubeide_1.8.0/stm32cubeide/plugins/com.st.stm32cube.ide.mcu.externaltools.gnu-tools-for-stm32.10.3-2021.10.win32_1.0.0.202111181127/tools/bin/../lib/gcc/arm-none-eabi/10.3.1/../../../../arm-none-eabi/lib/thumb/v7e-m+fp/hard\libc_nano.a(lib_a-lock.o)
                0x00000000200004cd                __lock___sfp_recursive_mutex
 .bss.__lock___sinit_recursive_mutex
                0x00000000200004ce        0x1 c:/st/stm32cubeide_1.8.0/stm32cubeide/plugins/com.st.stm32cube.ide.mcu.externaltools.gnu-tools-for-stm32.10.3-2021.10.win32_1.0.0.202111181127/tools/bin/../lib/gcc/arm-none-eabi/10.3.1/../../../../arm-none-eabi/lib/thumb/v7e-m+fp/hard\libc_nano.a(lib_a-lock.o)
                0x00000000200004ce                __lock___sinit_recursive_mutex
 *fill*         0x00000000200004cf        0x1 
 .bss.__malloc_free_list
                0x00000000200004d0        0x4 c:/st/stm32cubeide_1.8.0/stm32cubeide/plugins/com.st.stm32cube.ide.mcu.externaltools.gnu-tools-for-stm32.10.3-2021.10.win32_1.0.0.202111181127/tools/bin/../lib/gcc/arm-none-eabi/10.3.1/../../../../arm-none-eabi/lib/thumb/v7e-m+fp/hard\libc_nano.a(lib_a-nano-mallocr.o)
                0x00000000200004d0                __malloc_free_list
 .bss.__malloc_sbrk_start
                0x00000000200004d4        0x4 c:/st/stm32cubeide_1.8.0/stm32cubeide/plugins/com.st.stm32cube.ide.mcu.externaltools.gnu-tools-for-stm32.10.3-2021.10.win32_1.0.0.202111181127/tools/bin/../lib/gcc/arm-none-eabi/10.3.1/../../../../arm-none-eabi/lib/thumb/v7e-m+fp/hard\libc_nano.a(lib_a-nano-mallocr.o)
                0x00000000200004d4                __malloc_sbrk_start
 .bss.errno     0x00000000200004d8        0x4 c:/st/stm32cubeide_1.8.0/stm32cubeide/plugins/com.st.stm32cube.ide.mcu.externaltools.gnu-tools-for-stm32.10.3-2021.10.win32_1.0.0.202111181127/tools/bin/../lib/gcc/arm-none-eabi/10.3.1/../../../../arm-none-eabi/lib/thumb/v7e-m+fp/hard\libc_nano.a(lib_a-reent.o)
                0x00000000200004d8                errno
 *(COMMON)
                0x00000000200004dc                . = ALIGN (0x4)
                0x00000000200004dc                _ebss = .
                0x00000000200004dc                __bss_end__ = _ebss

._user_heap_stack
                0x00000000200004dc      0x604 load address 0x0000000008007918
                0x00000000200004e0                . = ALIGN (0x8)
 *fill*         0x00000000200004dc        0x4 
                [!provide]                        PROVIDE (end = .)
                0x00000000200004e0                PROVIDE (_end = .)
                0x00000000200006e0                . = (. + _Min_Heap_Size)
 *fill*         0x00000000200004e0      0x200 
                0x0000000020000ae0                . = (. + _Min_Stack_Size)
 *fill*         0x00000000200006e0      0x400 
                0x0000000020000ae0                . = ALIGN (0x8)

/DISCARD/
 libc.a(*)
 libm.a(*)
 libgcc.a(*)

.ARM.attributes
                0x0000000000000000       0x30
 *(.ARM.attributes)
 .ARM.attributes
                0x0000000000000000       0x1e c:/st/stm32cubeide_1.8.0/stm32cubeide/plugins/com.st.stm32cube.ide.mcu.externaltools.gnu-tools-for-stm32.10.3-2021.10.win32_1.0.0.202111181127/tools/bin/../lib/gcc/arm-none-eabi/10.3.1/thumb/v7e-m+fp/hard/crti.o
 .ARM.attributes
                0x000000000000001e       0x34 c:/st/stm32cubeide_1.8.0/stm32cubeide/plugins/com.st.stm32cube.ide.mcu.externaltools.gnu-tools-for-stm32.10.3-2021.10.win32_1.0.0.202111181127/tools/bin/../lib/gcc/arm-none-eabi/10.3.1/thumb/v7e-m+fp/hard/crtbegin.o
 .ARM.attributes
                0x0000000000000052       0x30 ./Core/Src/main.o
 .ARM.attributes
                0x0000000000000082       0x30 ./Core/Src/stm32f4xx_hal_msp.o
 .ARM.attributes
                0x00000000000000b2       0x30 ./Core/Src/stm32f4xx_it.o
 .ARM.attributes
                0x00000000000000e2       0x30 ./Core/Src/syscalls.o
 .ARM.attributes
                0x0000000000000112       0x30 ./Core/Src/sysmem.o
 .ARM.attributes
                0x0000000000000142       0x30 ./Core/Src/system_stm32f4xx.o
 .ARM.attributes
                0x0000000000000172       0x21 ./Core/Startup/startup_stm32f411retx.o
 .ARM.attributes
                0x0000000000000193       0x30 ./Drivers/STM32F4xx_HAL_Driver/Src/stm32f4xx_hal.o
 .ARM.attributes
                0x00000000000001c3       0x30 ./Drivers/STM32F4xx_HAL_Driver/Src/stm32f4xx_hal_cortex.o
 .ARM.attributes
                0x00000000000001f3       0x30 ./Drivers/STM32F4xx_HAL_Driver/Src/stm32f4xx_hal_dma.o
 .ARM.attributes
                0x0000000000000223       0x30 ./Drivers/STM32F4xx_HAL_Driver/Src/stm32f4xx_hal_gpio.o
 .ARM.attributes
                0x0000000000000253       0x30 ./Drivers/STM32F4xx_HAL_Driver/Src/stm32f4xx_hal_i2c.o
 .ARM.attributes
                0x0000000000000283       0x30 ./Drivers/STM32F4xx_HAL_Driver/Src/stm32f4xx_hal_rcc.o
 .ARM.attributes
                0x00000000000002b3       0x30 ./Drivers/STM32F4xx_HAL_Driver/Src/stm32f4xx_hal_tim.o
 .ARM.attributes
                0x00000000000002e3       0x30 ./Drivers/STM32F4xx_HAL_Driver/Src/stm32f4xx_hal_tim_ex.o
 .ARM.attributes
                0x0000000000000313       0x30 ./Drivers/STM32F4xx_HAL_Driver/Src/stm32f4xx_hal_uart.o
 .ARM.attributes
                0x0000000000000343       0x34 c:/st/stm32cubeide_1.8.0/stm32cubeide/plugins/com.st.stm32cube.ide.mcu.externaltools.gnu-tools-for-stm32.10.3-2021.10.win32_1.0.0.202111181127/tools/bin/../lib/gcc/arm-none-eabi/10.3.1/../../../../arm-none-eabi/lib/thumb/v7e-m+fp/hard\libc_nano.a(lib_a-assert.o)
 .ARM.attributes
                0x0000000000000377       0x34 c:/st/stm32cubeide_1.8.0/stm32cubeide/plugins/com.st.stm32cube.ide.mcu.externaltools.gnu-tools-for-stm32.10.3-2021.10.win32_1.0.0.202111181127/tools/bin/../lib/gcc/arm-none-eabi/10.3.1/../../../../arm-none-eabi/lib/thumb/v7e-m+fp/hard\libc_nano.a(lib_a-errno.o)
 .ARM.attributes
                0x00000000000003ab       0x34 c:/st/stm32cubeide_1.8.0/stm32cubeide/plugins/com.st.stm32cube.ide.mcu.externaltools.gnu-tools-for-stm32.10.3-2021.10.win32_1.0.0.202111181127/tools/bin/../lib/gcc/arm-none-eabi/10.3.1/../../../../arm-none-eabi/lib/thumb/v7e-m+fp/hard\libc_nano.a(lib_a-fprintf.o)
 .ARM.attributes
                0x00000000000003df       0x34 c:/st/stm32cubeide_1.8.0/stm32cubeide/plugins/com.st.stm32cube.ide.mcu.externaltools.gnu-tools-for-stm32.10.3-2021.10.win32_1.0.0.202111181127/tools/bin/../lib/gcc/arm-none-eabi/10.3.1/../../../../arm-none-eabi/lib/thumb/v7e-m+fp/hard\libc_nano.a(lib_a-impure.o)
 .ARM.attributes
                0x0000000000000413       0x34 c:/st/stm32cubeide_1.8.0/stm32cubeide/plugins/com.st.stm32cube.ide.mcu.externaltools.gnu-tools-for-stm32.10.3-2021.10.win32_1.0.0.202111181127/tools/bin/../lib/gcc/arm-none-eabi/10.3.1/../../../../arm-none-eabi/lib/thumb/v7e-m+fp/hard\libc_nano.a(lib_a-init.o)
 .ARM.attributes
                0x0000000000000447       0x34 c:/st/stm32cubeide_1.8.0/stm32cubeide/plugins/com.st.stm32cube.ide.mcu.externaltools.gnu-tools-for-stm32.10.3-2021.10.win32_1.0.0.202111181127/tools/bin/../lib/gcc/arm-none-eabi/10.3.1/../../../../arm-none-eabi/lib/thumb/v7e-m+fp/hard\libc_nano.a(lib_a-memset.o)
 .ARM.attributes
                0x000000000000047b       0x34 c:/st/stm32cubeide_1.8.0/stm32cubeide/plugins/com.st.stm32cube.ide.mcu.externaltools.gnu-tools-for-stm32.10.3-2021.10.win32_1.0.0.202111181127/tools/bin/../lib/gcc/arm-none-eabi/10.3.1/../../../../arm-none-eabi/lib/thumb/v7e-m+fp/hard\libc_nano.a(lib_a-nano-vfprintf.o)
 .ARM.attributes
                0x00000000000004af       0x34 c:/st/stm32cubeide_1.8.0/stm32cubeide/plugins/com.st.stm32cube.ide.mcu.externaltools.gnu-tools-for-stm32.10.3-2021.10.win32_1.0.0.202111181127/tools/bin/../lib/gcc/arm-none-eabi/10.3.1/../../../../arm-none-eabi/lib/thumb/v7e-m+fp/hard\libc_nano.a(lib_a-nano-vfprintf_i.o)
 .ARM.attributes
                0x00000000000004e3       0x34 c:/st/stm32cubeide_1.8.0/stm32cubeide/plugins/com.st.stm32cube.ide.mcu.externaltools.gnu-tools-for-stm32.10.3-2021.10.win32_1.0.0.202111181127/tools/bin/../lib/gcc/arm-none-eabi/10.3.1/../../../../arm-none-eabi/lib/thumb/v7e-m+fp/hard\libc_nano.a(lib_a-wbuf.o)
 .ARM.attributes
                0x0000000000000517       0x34 c:/st/stm32cubeide_1.8.0/stm32cubeide/plugins/com.st.stm32cube.ide.mcu.externaltools.gnu-tools-for-stm32.10.3-2021.10.win32_1.0.0.202111181127/tools/bin/../lib/gcc/arm-none-eabi/10.3.1/../../../../arm-none-eabi/lib/thumb/v7e-m+fp/hard\libc_nano.a(lib_a-wsetup.o)
 .ARM.attributes
                0x000000000000054b       0x34 c:/st/stm32cubeide_1.8.0/stm32cubeide/plugins/com.st.stm32cube.ide.mcu.externaltools.gnu-tools-for-stm32.10.3-2021.10.win32_1.0.0.202111181127/tools/bin/../lib/gcc/arm-none-eabi/10.3.1/../../../../arm-none-eabi/lib/thumb/v7e-m+fp/hard\libc_nano.a(lib_a-abort.o)
 .ARM.attributes
                0x000000000000057f       0x34 c:/st/stm32cubeide_1.8.0/stm32cubeide/plugins/com.st.stm32cube.ide.mcu.externaltools.gnu-tools-for-stm32.10.3-2021.10.win32_1.0.0.202111181127/tools/bin/../lib/gcc/arm-none-eabi/10.3.1/../../../../arm-none-eabi/lib/thumb/v7e-m+fp/hard\libc_nano.a(lib_a-fflush.o)
 .ARM.attributes
                0x00000000000005b3       0x34 c:/st/stm32cubeide_1.8.0/stm32cubeide/plugins/com.st.stm32cube.ide.mcu.externaltools.gnu-tools-for-stm32.10.3-2021.10.win32_1.0.0.202111181127/tools/bin/../lib/gcc/arm-none-eabi/10.3.1/../../../../arm-none-eabi/lib/thumb/v7e-m+fp/hard\libc_nano.a(lib_a-findfp.o)
 .ARM.attributes
                0x00000000000005e7       0x34 c:/st/stm32cubeide_1.8.0/stm32cubeide/plugins/com.st.stm32cube.ide.mcu.externaltools.gnu-tools-for-stm32.10.3-2021.10.win32_1.0.0.202111181127/tools/bin/../lib/gcc/arm-none-eabi/10.3.1/../../../../arm-none-eabi/lib/thumb/v7e-m+fp/hard\libc_nano.a(lib_a-fwalk.o)
 .ARM.attributes
                0x000000000000061b       0x34 c:/st/stm32cubeide_1.8.0/stm32cubeide/plugins/com.st.stm32cube.ide.mcu.externaltools.gnu-tools-for-stm32.10.3-2021.10.win32_1.0.0.202111181127/tools/bin/../lib/gcc/arm-none-eabi/10.3.1/../../../../arm-none-eabi/lib/thumb/v7e-m+fp/hard\libc_nano.a(lib_a-lock.o)
 .ARM.attributes
                0x000000000000064f       0x34 c:/st/stm32cubeide_1.8.0/stm32cubeide/plugins/com.st.stm32cube.ide.mcu.externaltools.gnu-tools-for-stm32.10.3-2021.10.win32_1.0.0.202111181127/tools/bin/../lib/gcc/arm-none-eabi/10.3.1/../../../../arm-none-eabi/lib/thumb/v7e-m+fp/hard\libc_nano.a(lib_a-makebuf.o)
 .ARM.attributes
                0x0000000000000683       0x1c c:/st/stm32cubeide_1.8.0/stm32cubeide/plugins/com.st.stm32cube.ide.mcu.externaltools.gnu-tools-for-stm32.10.3-2021.10.win32_1.0.0.202111181127/tools/bin/../lib/gcc/arm-none-eabi/10.3.1/../../../../arm-none-eabi/lib/thumb/v7e-m+fp/hard\libc_nano.a(lib_a-memchr.o)
 .ARM.attributes
                0x000000000000069f       0x34 c:/st/stm32cubeide_1.8.0/stm32cubeide/plugins/com.st.stm32cube.ide.mcu.externaltools.gnu-tools-for-stm32.10.3-2021.10.win32_1.0.0.202111181127/tools/bin/../lib/gcc/arm-none-eabi/10.3.1/../../../../arm-none-eabi/lib/thumb/v7e-m+fp/hard\libc_nano.a(lib_a-nano-freer.o)
 .ARM.attributes
                0x00000000000006d3       0x34 c:/st/stm32cubeide_1.8.0/stm32cubeide/plugins/com.st.stm32cube.ide.mcu.externaltools.gnu-tools-for-stm32.10.3-2021.10.win32_1.0.0.202111181127/tools/bin/../lib/gcc/arm-none-eabi/10.3.1/../../../../arm-none-eabi/lib/thumb/v7e-m+fp/hard\libc_nano.a(lib_a-nano-mallocr.o)
 .ARM.attributes
                0x0000000000000707       0x34 c:/st/stm32cubeide_1.8.0/stm32cubeide/plugins/com.st.stm32cube.ide.mcu.externaltools.gnu-tools-for-stm32.10.3-2021.10.win32_1.0.0.202111181127/tools/bin/../lib/gcc/arm-none-eabi/10.3.1/../../../../arm-none-eabi/lib/thumb/v7e-m+fp/hard\libc_nano.a(lib_a-sbrkr.o)
 .ARM.attributes
                0x000000000000073b       0x34 c:/st/stm32cubeide_1.8.0/stm32cubeide/plugins/com.st.stm32cube.ide.mcu.externaltools.gnu-tools-for-stm32.10.3-2021.10.win32_1.0.0.202111181127/tools/bin/../lib/gcc/arm-none-eabi/10.3.1/../../../../arm-none-eabi/lib/thumb/v7e-m+fp/hard\libc_nano.a(lib_a-signal.o)
 .ARM.attributes
                0x000000000000076f       0x34 c:/st/stm32cubeide_1.8.0/stm32cubeide/plugins/com.st.stm32cube.ide.mcu.externaltools.gnu-tools-for-stm32.10.3-2021.10.win32_1.0.0.202111181127/tools/bin/../lib/gcc/arm-none-eabi/10.3.1/../../../../arm-none-eabi/lib/thumb/v7e-m+fp/hard\libc_nano.a(lib_a-signalr.o)
 .ARM.attributes
                0x00000000000007a3       0x34 c:/st/stm32cubeide_1.8.0/stm32cubeide/plugins/com.st.stm32cube.ide.mcu.externaltools.gnu-tools-for-stm32.10.3-2021.10.win32_1.0.0.202111181127/tools/bin/../lib/gcc/arm-none-eabi/10.3.1/../../../../arm-none-eabi/lib/thumb/v7e-m+fp/hard\libc_nano.a(lib_a-stdio.o)
 .ARM.attributes