C:/gitNew/FRA262STUIII/eigen-3.4.0/Eigen/src/Core/CommaInitializer.h:121:19:XprType& Eigen::CommaInitializer<MatrixType>::finished() [with XprType = Eigen::Matrix<float, 3, 1>]	8	static
C:/gitNew/FRA262STUIII/eigen-3.4.0/Eigen/src/Core/CommaInitializer.h:121:19:XprType& Eigen::CommaInitializer<MatrixType>::finished() [with XprType = Eigen::Matrix<float, 3, 3>]	8	static
../Core/Src/main.cpp:456:6:void SystemClock_Config()	88	static,ignoring_inline_asm
../Core/Src/main.cpp:882:10:uint16_t GraytoBinario(uint16_t, uint8_t)	0	static
../Core/Src/main.cpp:904:6:void encoderSpeedReaderCycle()	16	static
../Core/Src/main.cpp:928:6:void Speedsmoothfunc(float)	16	static
../Core/Src/main.cpp:947:6:void Trajectory()	64	static
../Core/Src/main.cpp:1010:6:void Unwrapping()	16	static
../Core/Src/main.cpp:1032:6:void diffvelo()	8	static
../Core/Src/main.cpp:1078:6:void PIDPosition()	8	static
../Core/Src/main.cpp:1104:6:void PIDVelocity()	8	static
../Core/Src/main.cpp:1133:6:void controlloop()	16	static
../Core/Src/main.cpp:1160:6:void MotDrvCytron()	16	static
../Core/Src/main.cpp:1192:6:void IOExpenderInit()	24	static
../Core/Src/main.cpp:1246:6:void AbsEncI2CReadx(uint8_t*)	32	static
../Core/Src/main.cpp:1288:6:void HAL_GPIO_EXTI_Callback(uint16_t)	8	static
../Core/Src/main.cpp:1322:10:uint64_t micros()	0	static
../Core/Src/main.cpp:1325:6:void HAL_TIM_PeriodElapsedCallback(TIM_HandleTypeDef*)	0	static
../Core/Src/main.cpp:1336:6:void Error_Handler()	0	static,ignoring_inline_asm
C:/gitNew/FRA262STUIII/eigen-3.4.0/Eigen/src/Core/CommaInitializer.h:65:21:Eigen::CommaInitializer<MatrixType>& Eigen::CommaInitializer<MatrixType>::operator,(const Scalar&) [with XprType = Eigen::Matrix<float, 3, 3>]	16	static
C:/gitNew/FRA262STUIII/eigen-3.4.0/Eigen/src/Core/CommaInitializer.h:65:21:Eigen::CommaInitializer<MatrixType>& Eigen::CommaInitializer<MatrixType>::operator,(const Scalar&) [with XprType = Eigen::Matrix<float, 3, 1>]	16	static
C:/gitNew/FRA262STUIII/eigen-3.4.0/Eigen/src/Core/CommaInitializer.h:65:21:Eigen::CommaInitializer<MatrixType>& Eigen::CommaInitializer<MatrixType>::operator,(const Scalar&) [with XprType = Eigen::Matrix<float, 1, 3>]	16	static
C:/gitNew/FRA262STUIII/eigen-3.4.0/Eigen/src/Core/AssignEvaluator.h:769:44:void Eigen::internal::call_dense_assignment_loop(DstXprType&, const SrcXprType&, const Functor&) [with DstXprType = Eigen::Matrix<float, 3, 3>; SrcXprType = Eigen::CwiseBinaryOp<Eigen::internal::scalar_sum_op<float, float>, const Eigen::Product<Eigen::Product<Eigen::Matrix<float, 3, 3>, Eigen::Matrix<float, 3, 3>, 0>, Eigen::Transpose<Eigen::Matrix<float, 3, 3> >, 0>, const Eigen::Matrix<float, 3, 3> >; Functor = Eigen::internal::assign_op<float, float>]	88	static
../Core/Src/main.cpp:1050:6:void Kalmanfilter()	96	static
../Core/Src/main.cpp:806:6:void GrandStatumix()	32	static
../Core/Src/main.cpp:296:5:int main()	112	static,ignoring_inline_asm
