C:/gitNew/FRA262STUIII/eigen-3.4.0/Eigen/src/Core/CommaInitializer.h:121:19:XprType& Eigen::CommaInitializer<MatrixType>::finished() [with XprType = Eigen::Matrix<float, 3, 1>]	8	static
C:/gitNew/FRA262STUIII/eigen-3.4.0/Eigen/src/Core/CommaInitializer.h:121:19:XprType& Eigen::CommaInitializer<MatrixType>::finished() [with XprType = Eigen::Matrix<float, 3, 3>]	8	static
../Core/Src/main.cpp:403:6:void SystemClock_Config()	88	static,ignoring_inline_asm
../Core/Src/main.cpp:829:10:uint16_t GraytoBinario(uint16_t, uint8_t)	0	static
../Core/Src/main.cpp:851:6:void encoderSpeedReaderCycle()	16	static
../Core/Src/main.cpp:875:6:void Speedsmoothfunc(float)	16	static
../Core/Src/main.cpp:894:6:void Trajectory()	64	static
../Core/Src/main.cpp:942:6:void Unwrapping()	16	static
../Core/Src/main.cpp:964:6:void diffvelo()	8	static
../Core/Src/main.cpp:1010:6:void PIDPosition()	8	static
../Core/Src/main.cpp:1036:6:void PIDVelocity()	8	static
../Core/Src/main.cpp:1065:6:void MotDrvCytron()	16	static
../Core/Src/main.cpp:1096:6:void IOExpenderInit()	24	static
../Core/Src/main.cpp:1114:6:void AbsEncI2CRead(uint8_t*, uint8_t*)	32	static
../Core/Src/main.cpp:1148:6:void HAL_GPIO_EXTI_Callback(uint16_t)	8	static
../Core/Src/main.cpp:1177:10:uint64_t micros()	0	static
../Core/Src/main.cpp:1180:6:void HAL_TIM_PeriodElapsedCallback(TIM_HandleTypeDef*)	0	static
../Core/Src/main.cpp:1191:6:void Error_Handler()	0	static,ignoring_inline_asm
C:/gitNew/FRA262STUIII/eigen-3.4.0/Eigen/src/Core/CommaInitializer.h:65:21:Eigen::CommaInitializer<MatrixType>& Eigen::CommaInitializer<MatrixType>::operator,(const Scalar&) [with XprType = Eigen::Matrix<float, 3, 3>]	16	static
C:/gitNew/FRA262STUIII/eigen-3.4.0/Eigen/src/Core/CommaInitializer.h:65:21:Eigen::CommaInitializer<MatrixType>& Eigen::CommaInitializer<MatrixType>::operator,(const Scalar&) [with XprType = Eigen::Matrix<float, 3, 1>]	16	static
C:/gitNew/FRA262STUIII/eigen-3.4.0/Eigen/src/Core/CommaInitializer.h:65:21:Eigen::CommaInitializer<MatrixType>& Eigen::CommaInitializer<MatrixType>::operator,(const Scalar&) [with XprType = Eigen::Matrix<float, 1, 3>]	16	static
C:/gitNew/FRA262STUIII/eigen-3.4.0/Eigen/src/Core/AssignEvaluator.h:769:44:void Eigen::internal::call_dense_assignment_loop(DstXprType&, const SrcXprType&, const Functor&) [with DstXprType = Eigen::Matrix<float, 3, 3>; SrcXprType = Eigen::CwiseBinaryOp<Eigen::internal::scalar_sum_op<float, float>, const Eigen::Product<Eigen::Product<Eigen::Matrix<float, 3, 3>, Eigen::Matrix<float, 3, 3>, 0>, Eigen::Transpose<Eigen::Matrix<float, 3, 3> >, 0>, const Eigen::Matrix<float, 3, 3> >; Functor = Eigen::internal::assign_op<float, float>]	88	static
../Core/Src/main.cpp:982:6:void Kalmanfilter()	96	static
../Core/Src/main.cpp:753:6:void GrandStatumix()	32	static
../Core/Src/main.cpp:259:5:int main()	128	static,ignoring_inline_asm
